\BOOKMARK [1][-]{section.1}{\376\377\137\025\212\000}{}% 1
\BOOKMARK [2][-]{subsection.1.1}{\376\377\170\024\172\166\200\314\146\157\116\016\141\017\116\111}{section.1}% 2
\BOOKMARK [2][-]{subsection.1.2}{\376\377\230\171\166\356\116\373\122\241\143\317\217\360}{section.1}% 3
\BOOKMARK [2][-]{subsection.1.3}{\376\377\142\245\124\112\176\323\147\204}{section.1}% 4
\BOOKMARK [1][-]{section.2}{\376\377\145\160\143\156\226\306\116\016\230\204\131\004\164\006}{}% 5
\BOOKMARK [2][-]{subsection.2.1}{\376\377\145\160\143\156\151\202\211\310}{section.2}% 6
\BOOKMARK [2][-]{subsection.2.2}{\376\377\230\204\131\004\164\006\155\101\172\013}{section.2}% 7
\BOOKMARK [1][-]{section.3}{\376\377\162\171\137\201\135\345\172\013}{}% 8
\BOOKMARK [2][-]{subsection.3.1}{\376\377\230\234\202\162\162\171\137\201}{section.3}% 9
\BOOKMARK [3][-]{subsubsection.3.1.1}{\376\377\230\234\202\162\167\351\377\010\000C\000o\000l\000o\000r\000\040\000M\000o\000m\000e\000n\000t\000s\377\011}{subsection.3.1}% 10
\BOOKMARK [3][-]{subsubsection.3.1.2}{\376\377\230\234\202\162\166\364\145\271\126\376\377\010\000C\000o\000l\000o\000r\000\040\000H\000i\000s\000t\000o\000g\000r\000a\000m\377\011}{subsection.3.1}% 11
\BOOKMARK [2][-]{subsection.3.2}{\376\377\176\271\164\006\162\171\137\201}{section.3}% 12
\BOOKMARK [3][-]{subsubsection.3.2.1}{\376\377\160\160\136\246\121\161\165\037\167\351\226\065\377\010\000G\000L\000C\000M\377\011}{subsection.3.2}% 13
\BOOKMARK [3][-]{subsubsection.3.2.2}{\376\377\134\100\220\350\116\214\120\074\152\041\137\017\377\010\000L\000B\000P\377\011}{subsection.3.2}% 14
\BOOKMARK [2][-]{subsection.3.3}{\376\377\162\171\137\201\124\021\221\317\176\304\142\020}{section.3}% 15
\BOOKMARK [2][-]{subsection.3.4}{\376\377\162\171\137\201\230\204\131\004\164\006\116\016\226\115\176\364}{section.3}% 16
\BOOKMARK [1][-]{section.4}{\376\377\117\040\176\337\147\072\126\150\133\146\116\140\145\271\154\325}{}% 17
\BOOKMARK [2][-]{subsection.4.1}{\376\377\145\057\143\001\124\021\221\317\147\072\377\010\000S\000V\000M\377\011}{section.4}% 18
\BOOKMARK [2][-]{subsection.4.2}{\376\377\226\217\147\072\150\356\147\227\377\010\000R\000a\000n\000d\000o\000m\000\040\000F\000o\000r\000e\000s\000t\377\011}{section.4}% 19
\BOOKMARK [2][-]{subsection.4.3}{\376\377\000K\217\321\220\273\377\010\000K\000N\000N\377\011}{section.4}% 20
\BOOKMARK [2][-]{subsection.4.4}{\376\377\215\205\123\302\145\160\117\030\123\026}{section.4}% 21
\BOOKMARK [1][-]{section.5}{\376\377\155\361\136\246\133\146\116\140\145\271\154\325}{}% 22
\BOOKMARK [2][-]{subsection.5.1}{\376\377\217\301\171\373\133\146\116\140\173\126\165\145}{section.5}% 23
\BOOKMARK [2][-]{subsection.5.2}{\376\377\232\250\136\162\177\121\176\334}{section.5}% 24
\BOOKMARK [3][-]{subsubsection.5.2.1}{\376\377\000R\000e\000s\000N\000e\000t\000-\0001\0008}{subsection.5.2}% 25
\BOOKMARK [3][-]{subsubsection.5.2.2}{\376\377\000M\000o\000b\000i\000l\000e\000N\000e\000t\000V\0002}{subsection.5.2}% 26
\BOOKMARK [2][-]{subsection.5.3}{\376\377\213\255\176\303\221\115\177\156}{section.5}% 27
\BOOKMARK [1][-]{section.6}{\376\377\133\236\232\214\176\323\147\234}{}% 28
\BOOKMARK [2][-]{subsection.6.1}{\376\377\117\040\176\337\147\072\126\150\133\146\116\140\152\041\127\213\176\323\147\234}{section.6}% 29
\BOOKMARK [3][-]{subsubsection.6.1.1}{\376\377\152\041\127\213\140\047\200\375\133\371\153\324}{subsection.6.1}% 30
\BOOKMARK [3][-]{subsubsection.6.1.2}{\376\377\124\004\174\173\122\053\213\346\176\306\143\007\150\007}{subsection.6.1}% 31
\BOOKMARK [3][-]{subsubsection.6.1.3}{\376\377\155\367\155\306\167\351\226\065\122\006\147\220}{subsection.6.1}% 32
\BOOKMARK [3][-]{subsubsection.6.1.4}{\376\377\152\041\127\213\140\047\200\375\123\357\211\306\123\026\133\371\153\324}{subsection.6.1}% 33
\BOOKMARK [2][-]{subsection.6.2}{\376\377\162\171\137\201\122\006\147\220\116\016\155\210\207\215\133\236\232\214}{section.6}% 34
\BOOKMARK [3][-]{subsubsection.6.2.1}{\376\377\116\222\117\341\140\157\162\171\137\201\221\315\211\201\140\047}{subsection.6.2}% 35
\BOOKMARK [3][-]{subsubsection.6.2.2}{\376\377\000t\000-\000S\000N\000E\162\171\137\201\123\357\211\306\123\026}{subsection.6.2}% 36
\BOOKMARK [3][-]{subsubsection.6.2.3}{\376\377\162\171\137\201\176\304\155\210\207\215\133\236\232\214}{subsection.6.2}% 37
\BOOKMARK [2][-]{subsection.6.3}{\376\377\155\361\136\246\133\146\116\140\152\041\127\213\176\323\147\234}{section.6}% 38
\BOOKMARK [3][-]{subsubsection.6.3.1}{\376\377\155\361\136\246\133\146\116\140\124\004\174\173\122\053\213\346\176\306\143\007\150\007}{subsection.6.3}% 39
\BOOKMARK [3][-]{subsubsection.6.3.2}{\376\377\155\361\136\246\133\146\116\140\155\367\155\306\167\351\226\065}{subsection.6.3}% 40
\BOOKMARK [2][-]{subsection.6.4}{\376\377\000R\000O\000C\146\362\176\277}{section.6}% 41
\BOOKMARK [1][-]{section.7}{\376\377\234\201\150\322\140\047\122\006\147\220}{}% 42
\BOOKMARK [2][-]{subsection.7.1}{\376\377\130\236\137\072\126\376\120\317\230\204\155\113\116\000\201\364\140\047}{section.7}% 43
\BOOKMARK [2][-]{subsection.7.2}{\376\377\126\376\120\317\142\160\122\250\234\201\150\322\140\047\155\113\213\325}{section.7}% 44
\BOOKMARK [2][-]{subsection.7.3}{\376\377\116\045\150\074\122\006\176\304\122\022\122\006\166\204\172\063\133\232\140\047\122\006\147\220}{section.7}% 45
\BOOKMARK [3][-]{subsubsection.7.3.1}{\376\377\123\237\122\022\122\006\166\204\230\316\226\151}{subsection.7.3}% 46
\BOOKMARK [3][-]{subsubsection.7.3.2}{\376\377\116\045\150\074\122\006\176\304\122\022\122\006\133\236\232\214}{subsection.7.3}% 47
\BOOKMARK [2][-]{subsection.7.4}{\376\377\147\000\135\356\140\305\121\265\122\006\147\220}{section.7}% 48
\BOOKMARK [1][-]{section.8}{\376\377\213\250\213\272}{}% 49
\BOOKMARK [2][-]{subsection.8.1}{\376\377\117\040\176\337\145\271\154\325\000\040\000v\000s\000\040\155\361\136\246\133\146\116\140\145\271\154\325}{section.8}% 50
\BOOKMARK [2][-]{subsection.8.2}{\376\377\116\064\136\212\211\306\211\322\122\006\147\220}{section.8}% 51
\BOOKMARK [3][-]{subsubsection.8.2.1}{\376\377\120\107\226\064\140\047\166\204\116\343\116\367}{subsection.8.2}% 52
\BOOKMARK [3][-]{subsubsection.8.2.2}{\376\377\152\041\127\213\150\041\121\306\116\016\177\156\117\341\136\246}{subsection.8.2}% 53
\BOOKMARK [2][-]{subsection.8.3}{\376\377\134\100\226\120\140\047\116\016\145\071\217\333\145\271\124\021}{section.8}% 54
\BOOKMARK [1][-]{section.9}{\376\377\176\323\213\272}{}% 55
\BOOKMARK [1][-]{section*.40}{\376\377\126\342\226\037\122\006\135\345\213\364\146\016}{}% 56
\BOOKMARK [1][-]{appendix.A}{\376\377\230\171\166\356\116\343\170\001\176\323\147\204}{}% 57
\BOOKMARK [1][-]{appendix.B}{\376\377\133\236\232\214\163\257\130\203}{}% 58
\BOOKMARK [1][-]{appendix.C}{\376\377\000L\000a\000T\000e\000X\000\040\177\026\213\321\213\364\146\016}{}% 59
