This is pdfTeX, Version 3.141592653-2.6-1.40.29 (TeX Live 2026) (preloaded format=pdflatex 2026.4.24)  1 JUN 2026 12:18
entering extended mode
 restricted \write18 enabled.
 %&-line parsing enabled.
**experiment_report.tex
(./experiment_report.tex
LaTeX2e <2025-11-01>
L3 programming layer <2026-03-20>
(c:/texlive/2026/texmf-dist/tex/latex/ctex/ctexart.cls
(c:/texlive/2026/texmf-dist/tex/latex/ctex/config/ctexbackend.cfg
File: ctexbackend.cfg 2022/07/14 v2.5.10 Backend configuration file (CTEX)
)
(c:/texlive/2026/texmf-dist/tex/latex/l3kernel/expl3.sty
Package: expl3 2026-03-20 L3 programming layer (loader) 

(c:/texlive/2026/texmf-dist/tex/latex/l3backend/l3backend-pdftex.def
File: l3backend-pdftex.def 2026-02-18 L3 backend support: PDF output (pdfTeX)
\l__color_backend_stack_int=\count275
))
Document Class: ctexart 2022/07/14 v2.5.10 Chinese adapter for class article (C
TEX)
(c:/texlive/2026/texmf-dist/tex/latex/ctex/ctexhook.sty
Package: ctexhook 2022/07/14 v2.5.10 Document and package hooks (CTEX)
)
(c:/texlive/2026/texmf-dist/tex/latex/ctex/ctexpatch.sty
Package: ctexpatch 2022/07/14 v2.5.10 Patching commands (CTEX)
)
(c:/texlive/2026/texmf-dist/tex/latex/base/fix-cm.sty
Package: fix-cm 2020/11/24 v1.1t fixes to LaTeX

(c:/texlive/2026/texmf-dist/tex/latex/base/ts1enc.def
File: ts1enc.def 2001/06/05 v3.0e (jk/car/fm) Standard LaTeX file
LaTeX Font Info:    Redeclaring font encoding TS1 on input line 47.
LaTeX Encoding Info:    Redeclaring text command \capitalcedilla (encoding TS1)
 on input line 49.
LaTeX Encoding Info:    Redeclaring text command \capitalogonek (encoding TS1) 
on input line 52.
LaTeX Encoding Info:    Redeclaring text command \capitalgrave (encoding TS1) o
n input line 55.
LaTeX Encoding Info:    Redeclaring text command \capitalacute (encoding TS1) o
n input line 56.
LaTeX Encoding Info:    Redeclaring text command \capitalcircumflex (encoding T
S1) on input line 57.
LaTeX Encoding Info:    Redeclaring text command \capitaltilde (encoding TS1) o
n input line 58.
LaTeX Encoding Info:    Redeclaring text command \capitaldieresis (encoding TS1
) on input line 59.
LaTeX Encoding Info:    Redeclaring text command \capitalhungarumlaut (encoding
 TS1) on input line 60.
LaTeX Encoding Info:    Redeclaring text command \capitalring (encoding TS1) on
 input line 61.
LaTeX Encoding Info:    Redeclaring text command \capitalcaron (encoding TS1) o
n input line 62.
LaTeX Encoding Info:    Redeclaring text command \capitalbreve (encoding TS1) o
n input line 63.
LaTeX Encoding Info:    Redeclaring text command \capitalmacron (encoding TS1) 
on input line 64.
LaTeX Encoding Info:    Redeclaring text command \capitaldotaccent (encoding TS
1) on input line 65.
LaTeX Encoding Info:    Redeclaring text command \t (encoding TS1) on input lin
e 66.
LaTeX Encoding Info:    Redeclaring text command \capitaltie (encoding TS1) on 
input line 67.
LaTeX Encoding Info:    Redeclaring text command \newtie (encoding TS1) on inpu
t line 68.
LaTeX Encoding Info:    Redeclaring text command \capitalnewtie (encoding TS1) 
on input line 69.
LaTeX Encoding Info:    Redeclaring text symbol \textcapitalcompwordmark (encod
ing TS1) on input line 70.
LaTeX Encoding Info:    Redeclaring text symbol \textascendercompwordmark (enco
ding TS1) on input line 71.
LaTeX Encoding Info:    Redeclaring text symbol \textquotestraightbase (encodin
g TS1) on input line 72.
LaTeX Encoding Info:    Redeclaring text symbol \textquotestraightdblbase (enco
ding TS1) on input line 73.
LaTeX Encoding Info:    Redeclaring text symbol \texttwelveudash (encoding TS1)
 on input line 74.
LaTeX Encoding Info:    Redeclaring text symbol \textthreequartersemdash (encod
ing TS1) on input line 75.
LaTeX Encoding Info:    Redeclaring text symbol \textleftarrow (encoding TS1) o
n input line 76.
LaTeX Encoding Info:    Redeclaring text symbol \textrightarrow (encoding TS1) 
on input line 77.
LaTeX Encoding Info:    Redeclaring text symbol \textblank (encoding TS1) on in
put line 78.
LaTeX Encoding Info:    Redeclaring text symbol \textdollar (encoding TS1) on i
nput line 79.
LaTeX Encoding Info:    Redeclaring text symbol \textquotesingle (encoding TS1)
 on input line 80.
LaTeX Encoding Info:    Redeclaring text command \textasteriskcentered (encodin
g TS1) on input line 81.
LaTeX Encoding Info:    Redeclaring text symbol \textdblhyphen (encoding TS1) o
n input line 92.
LaTeX Encoding Info:    Redeclaring text symbol \textfractionsolidus (encoding 
TS1) on input line 93.
LaTeX Encoding Info:    Redeclaring text symbol \textzerooldstyle (encoding TS1
) on input line 94.
LaTeX Encoding Info:    Redeclaring text symbol \textoneoldstyle (encoding TS1)
 on input line 95.
LaTeX Encoding Info:    Redeclaring text symbol \texttwooldstyle (encoding TS1)
 on input line 96.
LaTeX Encoding Info:    Redeclaring text symbol \textthreeoldstyle (encoding TS
1) on input line 97.
LaTeX Encoding Info:    Redeclaring text symbol \textfouroldstyle (encoding TS1
) on input line 98.
LaTeX Encoding Info:    Redeclaring text symbol \textfiveoldstyle (encoding TS1
) on input line 99.
LaTeX Encoding Info:    Redeclaring text symbol \textsixoldstyle (encoding TS1)
 on input line 100.
LaTeX Encoding Info:    Redeclaring text symbol \textsevenoldstyle (encoding TS
1) on input line 101.
LaTeX Encoding Info:    Redeclaring text symbol \texteightoldstyle (encoding TS
1) on input line 102.
LaTeX Encoding Info:    Redeclaring text symbol \textnineoldstyle (encoding TS1
) on input line 103.
LaTeX Encoding Info:    Redeclaring text symbol \textlangle (encoding TS1) on i
nput line 104.
LaTeX Encoding Info:    Redeclaring text symbol \textminus (encoding TS1) on in
put line 105.
LaTeX Encoding Info:    Redeclaring text symbol \textrangle (encoding TS1) on i
nput line 106.
LaTeX Encoding Info:    Redeclaring text symbol \textmho (encoding TS1) on inpu
t line 107.
LaTeX Encoding Info:    Redeclaring text symbol \textbigcircle (encoding TS1) o
n input line 108.
LaTeX Encoding Info:    Redeclaring text command \textcircled (encoding TS1) on
 input line 109.
LaTeX Encoding Info:    Redeclaring text symbol \textohm (encoding TS1) on inpu
t line 115.
LaTeX Encoding Info:    Redeclaring text symbol \textlbrackdbl (encoding TS1) o
n input line 116.
LaTeX Encoding Info:    Redeclaring text symbol \textrbrackdbl (encoding TS1) o
n input line 117.
LaTeX Encoding Info:    Redeclaring text symbol \textuparrow (encoding TS1) on 
input line 118.
LaTeX Encoding Info:    Redeclaring text symbol \textdownarrow (encoding TS1) o
n input line 119.
LaTeX Encoding Info:    Redeclaring text symbol \textasciigrave (encoding TS1) 
on input line 120.
LaTeX Encoding Info:    Redeclaring text symbol \textborn (encoding TS1) on inp
ut line 121.
LaTeX Encoding Info:    Redeclaring text symbol \textdivorced (encoding TS1) on
 input line 122.
LaTeX Encoding Info:    Redeclaring text symbol \textdied (encoding TS1) on inp
ut line 123.
LaTeX Encoding Info:    Redeclaring text symbol \textleaf (encoding TS1) on inp
ut line 124.
LaTeX Encoding Info:    Redeclaring text symbol \textmarried (encoding TS1) on 
input line 125.
LaTeX Encoding Info:    Redeclaring text symbol \textmusicalnote (encoding TS1)
 on input line 126.
LaTeX Encoding Info:    Redeclaring text symbol \texttildelow (encoding TS1) on
 input line 127.
LaTeX Encoding Info:    Redeclaring text symbol \textdblhyphenchar (encoding TS
1) on input line 128.
LaTeX Encoding Info:    Redeclaring text symbol \textasciibreve (encoding TS1) 
on input line 129.
LaTeX Encoding Info:    Redeclaring text symbol \textasciicaron (encoding TS1) 
on input line 130.
LaTeX Encoding Info:    Redeclaring text symbol \textacutedbl (encoding TS1) on
 input line 131.
LaTeX Encoding Info:    Redeclaring text symbol \textgravedbl (encoding TS1) on
 input line 132.
LaTeX Encoding Info:    Redeclaring text symbol \textdagger (encoding TS1) on i
nput line 133.
LaTeX Encoding Info:    Redeclaring text symbol \textdaggerdbl (encoding TS1) o
n input line 134.
LaTeX Encoding Info:    Redeclaring text symbol \textbardbl (encoding TS1) on i
nput line 135.
LaTeX Encoding Info:    Redeclaring text symbol \textperthousand (encoding TS1)
 on input line 136.
LaTeX Encoding Info:    Redeclaring text symbol \textbullet (encoding TS1) on i
nput line 137.
LaTeX Encoding Info:    Redeclaring text symbol \textcelsius (encoding TS1) on 
input line 138.
LaTeX Encoding Info:    Redeclaring text symbol \textdollaroldstyle (encoding T
S1) on input line 139.
LaTeX Encoding Info:    Redeclaring text symbol \textcentoldstyle (encoding TS1
) on input line 140.
LaTeX Encoding Info:    Redeclaring text symbol \textflorin (encoding TS1) on i
nput line 141.
LaTeX Encoding Info:    Redeclaring text symbol \textcolonmonetary (encoding TS
1) on input line 142.
LaTeX Encoding Info:    Redeclaring text symbol \textwon (encoding TS1) on inpu
t line 143.
LaTeX Encoding Info:    Redeclaring text symbol \textnaira (encoding TS1) on in
put line 144.
LaTeX Encoding Info:    Redeclaring text symbol \textguarani (encoding TS1) on 
input line 145.
LaTeX Encoding Info:    Redeclaring text symbol \textpeso (encoding TS1) on inp
ut line 146.
LaTeX Encoding Info:    Redeclaring text symbol \textlira (encoding TS1) on inp
ut line 147.
LaTeX Encoding Info:    Redeclaring text symbol \textrecipe (encoding TS1) on i
nput line 148.
LaTeX Encoding Info:    Redeclaring text symbol \textinterrobang (encoding TS1)
 on input line 149.
LaTeX Encoding Info:    Redeclaring text symbol \textinterrobangdown (encoding 
TS1) on input line 150.
LaTeX Encoding Info:    Redeclaring text symbol \textdong (encoding TS1) on inp
ut line 151.
LaTeX Encoding Info:    Redeclaring text symbol \texttrademark (encoding TS1) o
n input line 152.
LaTeX Encoding Info:    Redeclaring text symbol \textpertenthousand (encoding T
S1) on input line 153.
LaTeX Encoding Info:    Redeclaring text symbol \textpilcrow (encoding TS1) on 
input line 154.
LaTeX Encoding Info:    Redeclaring text symbol \textbaht (encoding TS1) on inp
ut line 155.
LaTeX Encoding Info:    Redeclaring text symbol \textnumero (encoding TS1) on i
nput line 156.
LaTeX Encoding Info:    Redeclaring text symbol \textdiscount (encoding TS1) on
 input line 157.
LaTeX Encoding Info:    Redeclaring text symbol \textestimated (encoding TS1) o
n input line 158.
LaTeX Encoding Info:    Redeclaring text symbol \textopenbullet (encoding TS1) 
on input line 159.
LaTeX Encoding Info:    Redeclaring text symbol \textservicemark (encoding TS1)
 on input line 160.
LaTeX Encoding Info:    Redeclaring text symbol \textlquill (encoding TS1) on i
nput line 161.
LaTeX Encoding Info:    Redeclaring text symbol \textrquill (encoding TS1) on i
nput line 162.
LaTeX Encoding Info:    Redeclaring text symbol \textcent (encoding TS1) on inp
ut line 163.
LaTeX Encoding Info:    Redeclaring text symbol \textsterling (encoding TS1) on
 input line 164.
LaTeX Encoding Info:    Redeclaring text symbol \textcurrency (encoding TS1) on
 input line 165.
LaTeX Encoding Info:    Redeclaring text symbol \textyen (encoding TS1) on inpu
t line 166.
LaTeX Encoding Info:    Redeclaring text symbol \textbrokenbar (encoding TS1) o
n input line 167.
LaTeX Encoding Info:    Redeclaring text symbol \textsection (encoding TS1) on 
input line 168.
LaTeX Encoding Info:    Redeclaring text symbol \textasciidieresis (encoding TS
1) on input line 169.
LaTeX Encoding Info:    Redeclaring text symbol \textcopyright (encoding TS1) o
n input line 170.
LaTeX Encoding Info:    Redeclaring text symbol \textordfeminine (encoding TS1)
 on input line 171.
LaTeX Encoding Info:    Redeclaring text symbol \textcopyleft (encoding TS1) on
 input line 172.
LaTeX Encoding Info:    Redeclaring text symbol \textlnot (encoding TS1) on inp
ut line 173.
LaTeX Encoding Info:    Redeclaring text symbol \textcircledP (encoding TS1) on
 input line 174.
LaTeX Encoding Info:    Redeclaring text symbol \textregistered (encoding TS1) 
on input line 175.
LaTeX Encoding Info:    Redeclaring text symbol \textasciimacron (encoding TS1)
 on input line 176.
LaTeX Encoding Info:    Redeclaring text symbol \textdegree (encoding TS1) on i
nput line 177.
LaTeX Encoding Info:    Redeclaring text symbol \textpm (encoding TS1) on input
 line 178.
LaTeX Encoding Info:    Redeclaring text symbol \texttwosuperior (encoding TS1)
 on input line 179.
LaTeX Encoding Info:    Redeclaring text symbol \textthreesuperior (encoding TS
1) on input line 180.
LaTeX Encoding Info:    Redeclaring text symbol \textasciiacute (encoding TS1) 
on input line 181.
LaTeX Encoding Info:    Redeclaring text symbol \textmu (encoding TS1) on input
 line 182.
LaTeX Encoding Info:    Redeclaring text symbol \textparagraph (encoding TS1) o
n input line 183.
LaTeX Encoding Info:    Redeclaring text symbol \textperiodcentered (encoding T
S1) on input line 184.
LaTeX Encoding Info:    Redeclaring text symbol \textreferencemark (encoding TS
1) on input line 185.
LaTeX Encoding Info:    Redeclaring text symbol \textonesuperior (encoding TS1)
 on input line 186.
LaTeX Encoding Info:    Redeclaring text symbol \textordmasculine (encoding TS1
) on input line 187.
LaTeX Encoding Info:    Redeclaring text symbol \textsurd (encoding TS1) on inp
ut line 188.
LaTeX Encoding Info:    Redeclaring text symbol \textonequarter (encoding TS1) 
on input line 189.
LaTeX Encoding Info:    Redeclaring text symbol \textonehalf (encoding TS1) on 
input line 190.
LaTeX Encoding Info:    Redeclaring text symbol \textthreequarters (encoding TS
1) on input line 191.
LaTeX Encoding Info:    Redeclaring text symbol \texteuro (encoding TS1) on inp
ut line 192.
LaTeX Encoding Info:    Redeclaring text symbol \texttimes (encoding TS1) on in
put line 193.
LaTeX Encoding Info:    Redeclaring text symbol \textdiv (encoding TS1) on inpu
t line 194.
))
\l__ctex_tmp_int=\count276
\l__ctex_tmp_box=\box53
\l__ctex_tmp_dim=\dimen150
\g__ctex_section_depth_int=\count277
\g__ctex_font_size_int=\count278

(c:/texlive/2026/texmf-dist/tex/latex/ctex/config/ctexopts.cfg
File: ctexopts.cfg 2022/07/14 v2.5.10 Option configuration file (CTEX)
)
(c:/texlive/2026/texmf-dist/tex/latex/base/article.cls
Document Class: article 2025/01/22 v1.4n Standard LaTeX document class
(c:/texlive/2026/texmf-dist/tex/latex/base/size12.clo
File: size12.clo 2025/01/22 v1.4n Standard LaTeX file (size option)
)
\c@part=\count279
\c@section=\count280
\c@subsection=\count281
\c@subsubsection=\count282
\c@paragraph=\count283
\c@subparagraph=\count284
\c@figure=\count285
\c@table=\count286
\abovecaptionskip=\skip49
\belowcaptionskip=\skip50
\bibindent=\dimen151
)
(c:/texlive/2026/texmf-dist/tex/latex/ctex/engine/ctex-engine-pdftex.def
File: ctex-engine-pdftex.def 2022/07/14 v2.5.10 (pdf)LaTeX adapter (CTEX)

(c:/texlive/2026/texmf-dist/tex/latex/cjk/texinput/CJKutf8.sty
Package: CJKutf8 2021/10/16 4.8.5

(c:/texlive/2026/texmf-dist/tex/generic/iftex/ifpdf.sty
Package: ifpdf 2019/10/25 v3.4 ifpdf legacy package. Use iftex instead.

(c:/texlive/2026/texmf-dist/tex/generic/iftex/iftex.sty
Package: iftex 2024/12/12 v1.0g TeX engine tests
))
(c:/texlive/2026/texmf-dist/tex/latex/base/inputenc.sty
Package: inputenc 2024/02/08 v1.3d Input encoding file
\inpenc@prehook=\toks17
\inpenc@posthook=\toks18
)
(c:/texlive/2026/texmf-dist/tex/latex/cjk/texinput/CJK.sty
Package: CJK 2021/10/16 4.8.5

(c:/texlive/2026/texmf-dist/tex/latex/cjk/texinput/mule/MULEenc.sty
Package: MULEenc 2021/10/16 4.8.5
)
(c:/texlive/2026/texmf-dist/tex/latex/cjk/texinput/CJK.enc
File: CJK.enc 2021/10/16 4.8.5
Now handling font encoding C00 ...
... no UTF-8 mapping file for font encoding C00
Now handling font encoding C05 ...
... no UTF-8 mapping file for font encoding C05
Now handling font encoding C09 ...
... no UTF-8 mapping file for font encoding C09
Now handling font encoding C10 ...
... no UTF-8 mapping file for font encoding C10
Now handling font encoding C20 ...
... no UTF-8 mapping file for font encoding C20
Now handling font encoding C19 ...
... no UTF-8 mapping file for font encoding C19
Now handling font encoding C40 ...
... no UTF-8 mapping file for font encoding C40
Now handling font encoding C42 ...
... no UTF-8 mapping file for font encoding C42
Now handling font encoding C43 ...
... no UTF-8 mapping file for font encoding C43
Now handling font encoding C50 ...
... no UTF-8 mapping file for font encoding C50
Now handling font encoding C52 ...
... no UTF-8 mapping file for font encoding C52
Now handling font encoding C49 ...
... no UTF-8 mapping file for font encoding C49
Now handling font encoding C60 ...
... no UTF-8 mapping file for font encoding C60
Now handling font encoding C61 ...
... no UTF-8 mapping file for font encoding C61
Now handling font encoding C63 ...
... no UTF-8 mapping file for font encoding C63
Now handling font encoding C64 ...
... no UTF-8 mapping file for font encoding C64
Now handling font encoding C65 ...
... no UTF-8 mapping file for font encoding C65
Now handling font encoding C70 ...
... no UTF-8 mapping file for font encoding C70
Now handling font encoding C31 ...
... no UTF-8 mapping file for font encoding C31
Now handling font encoding C32 ...
... no UTF-8 mapping file for font encoding C32
Now handling font encoding C33 ...
... no UTF-8 mapping file for font encoding C33
Now handling font encoding C34 ...
... no UTF-8 mapping file for font encoding C34
Now handling font encoding C35 ...
... no UTF-8 mapping file for font encoding C35
Now handling font encoding C36 ...
... no UTF-8 mapping file for font encoding C36
Now handling font encoding C37 ...
... no UTF-8 mapping file for font encoding C37
Now handling font encoding C80 ...
... no UTF-8 mapping file for font encoding C80
Now handling font encoding C81 ...
... no UTF-8 mapping file for font encoding C81
Now handling font encoding C01 ...
... no UTF-8 mapping file for font encoding C01
Now handling font encoding C11 ...
... no UTF-8 mapping file for font encoding C11
Now handling font encoding C21 ...
... no UTF-8 mapping file for font encoding C21
Now handling font encoding C41 ...
... no UTF-8 mapping file for font encoding C41
Now handling font encoding C62 ...
... no UTF-8 mapping file for font encoding C62
)
\CJK@indent=\box54
)
(c:/texlive/2026/texmf-dist/tex/latex/base/fontenc.sty
Package: fontenc 2025/07/18 v2.1d Standard LaTeX package
))
(c:/texlive/2026/texmf-dist/tex/latex/cjkpunct/CJKpunct.sty
Package: CJKpunct 2016/05/14 4.8.4
\CJKpunct@cnta=\count287
\CJKpunct@cntb=\count288
\CJKpunct@cntc=\count289
\CJKpunct@cntd=\count290
\CJKpunct@cnte=\count291
   defining Unicode char U+2018 (decimal 8216)
   defining Unicode char U+2019 (decimal 8217)
   defining Unicode char U+201C (decimal 8220)
   defining Unicode char U+201D (decimal 8221)
   defining Unicode char U+2014 (decimal 8212)
   defining Unicode char U+2026 (decimal 8230)

(c:/texlive/2026/texmf-dist/tex/latex/cjkpunct/CJKpunct.spa))
(c:/texlive/2026/texmf-dist/tex/latex/cjk/texinput/CJKspace.sty
Package: CJKspace 2021/10/16 3.8.0
)
(c:/texlive/2026/texmf-dist/tex/latex/cjk/texinput/UTF8/UTF8.bdg
File: UTF8.bdg 2021/10/16 4.8.5
)
(c:/texlive/2026/texmf-dist/tex/latex/ctex/ctexspa.def
File: ctexspa.def 2022/07/14 v2.5.10 Space info for CJKpunct (CTEX)
)
\ccwd=\dimen152
\l__ctex_ccglue_skip=\skip51
)
\l__ctex_ziju_dim=\dimen153

(c:/texlive/2026/texmf-dist/tex/latex/zhnumber/zhnumber.sty
Package: zhnumber 2022/07/14 v3.0 Typesetting numbers with Chinese glyphs
\l__zhnum_scale_int=\count292
\l__zhnum_tmp_int=\count293

(c:/texlive/2026/texmf-dist/tex/latex/zhnumber/zhnumber-utf8.cfg
File: zhnumber-utf8.cfg 2022/07/14 v3.0 Chinese numerals with UTF8 encoding
))
\l__ctex_heading_skip=\skip52

(c:/texlive/2026/texmf-dist/tex/latex/ctex/scheme/ctex-scheme-chinese-article.d
ef
File: ctex-scheme-chinese-article.def 2022/07/14 v2.5.10 Chinese scheme for art
icle (CTEX)
 (c:/texlive/2026/texmf-dist/tex/latex/ctex/config/ctex-name-utf8.cfg
File: ctex-name-utf8.cfg 2022/07/14 v2.5.10 Caption with encoding UTF-8 (CTEX)
))
(c:/texlive/2026/texmf-dist/tex/latex/ctex/fontset/ctex-fontset-windows.def
File: ctex-fontset-windows.def 2022/07/14 v2.5.10 Windows fonts definition (CTE
X)
))
(c:/texlive/2026/texmf-dist/tex/latex/ctex/config/ctex.cfg
File: ctex.cfg 2022/07/14 v2.5.10 Configuration file (CTEX)
)
(c:/texlive/2026/texmf-dist/tex/latex/geometry/geometry.sty
Package: geometry 2026/03/07 v6.0 Page Geometry

(c:/texlive/2026/texmf-dist/tex/latex/graphics/keyval.sty
Package: keyval 2022/05/29 v1.15 key=value parser (DPC)
\KV@toks@=\toks19
)
(c:/texlive/2026/texmf-dist/tex/generic/iftex/ifvtex.sty
Package: ifvtex 2019/10/25 v1.7 ifvtex legacy package. Use iftex instead.
)
\Gm@cnth=\count294
\Gm@cntv=\count295
\c@Gm@tempcnt=\count296
\Gm@bindingoffset=\dimen154
\Gm@wd@mp=\dimen155
\Gm@odd@mp=\dimen156
\Gm@even@mp=\dimen157
\Gm@layoutwidth=\dimen158
\Gm@layoutheight=\dimen159
\Gm@layouthoffset=\dimen160
\Gm@layoutvoffset=\dimen161
\Gm@dimlist=\toks20
)
(c:/texlive/2026/texmf-dist/tex/latex/amsmath/amsmath.sty
Package: amsmath 2025/07/09 v2.17z AMS math features
\@mathmargin=\skip53

For additional information on amsmath, use the `?' option.
(c:/texlive/2026/texmf-dist/tex/latex/amsmath/amstext.sty
Package: amstext 2024/11/17 v2.01 AMS text

(c:/texlive/2026/texmf-dist/tex/latex/amsmath/amsgen.sty
File: amsgen.sty 1999/11/30 v2.0 generic functions
\@emptytoks=\toks21
\ex@=\dimen162
))
(c:/texlive/2026/texmf-dist/tex/latex/amsmath/amsbsy.sty
Package: amsbsy 1999/11/29 v1.2d Bold Symbols
\pmbraise@=\dimen163
)
(c:/texlive/2026/texmf-dist/tex/latex/amsmath/amsopn.sty
Package: amsopn 2022/04/08 v2.04 operator names
)
\inf@bad=\count297
LaTeX Info: Redefining \frac on input line 233.
\uproot@=\count298
\leftroot@=\count299
LaTeX Info: Redefining \overline on input line 398.
LaTeX Info: Redefining \colon on input line 409.
\classnum@=\count300
\DOTSCASE@=\count301
LaTeX Info: Redefining \ldots on input line 495.
LaTeX Info: Redefining \dots on input line 498.
LaTeX Info: Redefining \cdots on input line 619.
\Mathstrutbox@=\box55
\strutbox@=\box56
LaTeX Info: Redefining \big on input line 721.
LaTeX Info: Redefining \Big on input line 722.
LaTeX Info: Redefining \bigg on input line 723.
LaTeX Info: Redefining \Bigg on input line 724.
\big@size=\dimen164
LaTeX Font Info:    Redeclaring font encoding OML on input line 742.
LaTeX Font Info:    Redeclaring font encoding OMS on input line 743.
\macc@depth=\count302
LaTeX Info: Redefining \bmod on input line 904.
LaTeX Info: Redefining \pmod on input line 909.
LaTeX Info: Redefining \smash on input line 939.
LaTeX Info: Redefining \relbar on input line 969.
LaTeX Info: Redefining \Relbar on input line 970.
\c@MaxMatrixCols=\count303
\dotsspace@=\muskip17
\c@parentequation=\count304
\dspbrk@lvl=\count305
\tag@help=\toks22
\row@=\count306
\column@=\count307
\maxfields@=\count308
\andhelp@=\toks23
\eqnshift@=\dimen165
\alignsep@=\dimen166
\tagshift@=\dimen167
\tagwidth@=\dimen168
\totwidth@=\dimen169
\lineht@=\dimen170
\@envbody=\toks24
\multlinegap=\skip54
\multlinetaggap=\skip55
\mathdisplay@stack=\toks25
LaTeX Info: Redefining \[ on input line 2950.
LaTeX Info: Redefining \] on input line 2951.
)
(c:/texlive/2026/texmf-dist/tex/latex/amsfonts/amssymb.sty
Package: amssymb 2013/01/14 v3.01 AMS font symbols

(c:/texlive/2026/texmf-dist/tex/latex/amsfonts/amsfonts.sty
Package: amsfonts 2013/01/14 v3.01 Basic AMSFonts support
\symAMSa=\mathgroup4
\symAMSb=\mathgroup5
LaTeX Font Info:    Redeclaring math symbol \hbar on input line 98.
LaTeX Font Info:    Overwriting math alphabet `\mathfrak' in version `bold'
(Font)                  U/euf/m/n --> U/euf/b/n on input line 106.
))
(c:/texlive/2026/texmf-dist/tex/latex/graphics/graphicx.sty
Package: graphicx 2024/12/31 v1.2e Enhanced LaTeX Graphics (DPC,SPQR)

(c:/texlive/2026/texmf-dist/tex/latex/graphics/graphics.sty
Package: graphics 2024/08/06 v1.4g Standard LaTeX Graphics (DPC,SPQR)

(c:/texlive/2026/texmf-dist/tex/latex/graphics/trig.sty
Package: trig 2023/12/02 v1.11 sin cos tan (DPC)
)
(c:/texlive/2026/texmf-dist/tex/latex/graphics-cfg/graphics.cfg
File: graphics.cfg 2016/06/04 v1.11 sample graphics configuration
)
Package graphics Info: Driver file: pdftex.def on input line 106.

(c:/texlive/2026/texmf-dist/tex/latex/graphics-def/pdftex.def
File: pdftex.def 2025/09/29 v1.2d Graphics/color driver for pdftex
))
\Gin@req@height=\dimen171
\Gin@req@width=\dimen172
)
(c:/texlive/2026/texmf-dist/tex/latex/float/float.sty
Package: float 2001/11/08 v1.3d Float enhancements (AL)
\c@float@type=\count309
\float@exts=\toks26
\float@box=\box57
\@float@everytoks=\toks27
\@floatcapt=\box58
)
(c:/texlive/2026/texmf-dist/tex/latex/caption/subcaption.sty
Package: subcaption 2023/07/28 v1.6b Sub-captions (AR)

(c:/texlive/2026/texmf-dist/tex/latex/caption/caption.sty
Package: caption 2023/08/05 v3.6o Customizing captions (AR)

(c:/texlive/2026/texmf-dist/tex/latex/caption/caption3.sty
Package: caption3 2023/07/31 v2.4d caption3 kernel (AR)
\caption@tempdima=\dimen173
\captionmargin=\dimen174
\caption@leftmargin=\dimen175
\caption@rightmargin=\dimen176
\caption@width=\dimen177
\caption@indent=\dimen178
\caption@parindent=\dimen179
\caption@hangindent=\dimen180
Package caption Info: Standard document class detected.
)
\c@caption@flags=\count310
\c@continuedfloat=\count311
Package caption Info: float package is loaded.
)
Package caption Info: New subtype `subfigure' on input line 238.
\c@subfigure=\count312
Package caption Info: New subtype `subtable' on input line 238.
\c@subtable=\count313
)
(c:/texlive/2026/texmf-dist/tex/latex/booktabs/booktabs.sty
Package: booktabs 2020/01/12 v1.61803398 Publication quality tables
\heavyrulewidth=\dimen181
\lightrulewidth=\dimen182
\cmidrulewidth=\dimen183
\belowrulesep=\dimen184
\belowbottomsep=\dimen185
\aboverulesep=\dimen186
\abovetopsep=\dimen187
\cmidrulesep=\dimen188
\cmidrulekern=\dimen189
\defaultaddspace=\dimen190
\@cmidla=\count314
\@cmidlb=\count315
\@aboverulesep=\dimen191
\@belowrulesep=\dimen192
\@thisruleclass=\count316
\@lastruleclass=\count317
\@thisrulewidth=\dimen193
)
(c:/texlive/2026/texmf-dist/tex/latex/tools/longtable.sty
Package: longtable 2025-10-13 v4.24 Multi-page Table package (DPC)
\LTleft=\skip56
\LTright=\skip57
\LTpre=\skip58
\LTpost=\skip59
\LTchunksize=\count318
\LTcapwidth=\dimen194
\LT@head=\box59
\LT@firsthead=\box60
\LT@foot=\box61
\LT@lastfoot=\box62
\LT@gbox=\box63
\LT@cols=\count319
\LT@rows=\count320
\c@LT@tables=\count321
\c@LT@chunks=\count322
\LT@p@ftn=\toks28
)
(c:/texlive/2026/texmf-dist/tex/latex/tools/array.sty
Package: array 2025/09/25 v2.6n Tabular extension package (FMi)
\col@sep=\dimen195
\ar@mcellbox=\box64
\extrarowheight=\dimen196
\NC@list=\toks29
\extratabsurround=\skip60
\backup@length=\skip61
\ar@cellbox=\box65
)
(c:/texlive/2026/texmf-dist/tex/latex/multirow/multirow.sty
Package: multirow 2024/11/12 v2.9 Span multiple rows of a table
\multirow@colwidth=\skip62
\multirow@cntb=\count323
\multirow@dima=\skip63
\bigstrutjot=\dimen197
)
(c:/texlive/2026/texmf-dist/tex/latex/hyperref/hyperref.sty
Package: hyperref 2026-01-29 v7.01p Hypertext links for LaTeX

(c:/texlive/2026/texmf-dist/tex/latex/kvsetkeys/kvsetkeys.sty
Package: kvsetkeys 2022-10-05 v1.19 Key value parser (HO)
)
(c:/texlive/2026/texmf-dist/tex/generic/kvdefinekeys/kvdefinekeys.sty
Package: kvdefinekeys 2019-12-19 v1.6 Define keys (HO)
)
(c:/texlive/2026/texmf-dist/tex/generic/pdfescape/pdfescape.sty
Package: pdfescape 2019/12/09 v1.15 Implements pdfTeX's escape features (HO)

(c:/texlive/2026/texmf-dist/tex/generic/ltxcmds/ltxcmds.sty
Package: ltxcmds 2023-12-04 v1.26 LaTeX kernel commands for general use (HO)
)
(c:/texlive/2026/texmf-dist/tex/generic/pdftexcmds/pdftexcmds.sty
Package: pdftexcmds 2020-06-27 v0.33 Utility functions of pdfTeX for LuaTeX (HO
)

(c:/texlive/2026/texmf-dist/tex/generic/infwarerr/infwarerr.sty
Package: infwarerr 2019/12/03 v1.5 Providing info/warning/error messages (HO)
)
Package pdftexcmds Info: \pdf@primitive is available.
Package pdftexcmds Info: \pdf@ifprimitive is available.
Package pdftexcmds Info: \pdfdraftmode found.
))
(c:/texlive/2026/texmf-dist/tex/latex/hycolor/hycolor.sty
Package: hycolor 2020-01-27 v1.10 Color options for hyperref/bookmark (HO)
)
(c:/texlive/2026/texmf-dist/tex/latex/hyperref/nameref.sty
Package: nameref 2026-01-29 v2.58 Cross-referencing by name of section

(c:/texlive/2026/texmf-dist/tex/latex/refcount/refcount.sty
Package: refcount 2019/12/15 v3.6 Data extraction from label references (HO)
)
(c:/texlive/2026/texmf-dist/tex/generic/gettitlestring/gettitlestring.sty
Package: gettitlestring 2019/12/15 v1.6 Cleanup title references (HO)

(c:/texlive/2026/texmf-dist/tex/latex/kvoptions/kvoptions.sty
Package: kvoptions 2022-06-15 v3.15 Key value format for package options (HO)
))
\c@section@level=\count324
)
(c:/texlive/2026/texmf-dist/tex/latex/etoolbox/etoolbox.sty
Package: etoolbox 2025/10/02 v2.5m e-TeX tools for LaTeX (JAW)
\etb@tempcnta=\count325
)
(c:/texlive/2026/texmf-dist/tex/generic/stringenc/stringenc.sty
Package: stringenc 2019/11/29 v1.12 Convert strings between diff. encodings (HO
)
)
\@linkdim=\dimen198
\Hy@linkcounter=\count326
\Hy@pagecounter=\count327

(c:/texlive/2026/texmf-dist/tex/latex/hyperref/pd1enc.def
File: pd1enc.def 2026-01-29 v7.01p Hyperref: PDFDocEncoding definition (HO)
Now handling font encoding PD1 ...
... no UTF-8 mapping file for font encoding PD1
)
(c:/texlive/2026/texmf-dist/tex/generic/intcalc/intcalc.sty
Package: intcalc 2019/12/15 v1.3 Expandable calculations with integers (HO)
)
\Hy@SavedSpaceFactor=\count328

(c:/texlive/2026/texmf-dist/tex/latex/hyperref/puenc.def
File: puenc.def 2026-01-29 v7.01p Hyperref: PDF Unicode definition (HO)
Now handling font encoding PU ...
... no UTF-8 mapping file for font encoding PU
)
Package hyperref Info: Option `unicode' set `true' on input line 4072.
Package hyperref Info: Option `colorlinks' set `true' on input line 4072.
Package hyperref Info: Hyper figures OFF on input line 4201.
Package hyperref Info: Link nesting OFF on input line 4206.
Package hyperref Info: Hyper index ON on input line 4209.
Package hyperref Info: Plain pages OFF on input line 4216.
Package hyperref Info: Backreferencing OFF on input line 4221.
Package hyperref Info: Implicit mode ON; LaTeX internals redefined.
Package hyperref Info: Bookmarks ON on input line 4468.
\c@Hy@tempcnt=\count329

(c:/texlive/2026/texmf-dist/tex/latex/url/url.sty
\Urlmuskip=\muskip18
Package: url 2013/09/16  ver 3.4  Verb mode for urls, etc.
)
LaTeX Info: Redefining \url on input line 4807.
\XeTeXLinkMargin=\dimen199

(c:/texlive/2026/texmf-dist/tex/generic/bitset/bitset.sty
Package: bitset 2019/12/09 v1.3 Handle bit-vector datatype (HO)

(c:/texlive/2026/texmf-dist/tex/generic/bigintcalc/bigintcalc.sty
Package: bigintcalc 2019/12/15 v1.5 Expandable calculations on big integers (HO
)
))
\Fld@menulength=\count330
\Field@Width=\dimen256
\Fld@charsize=\dimen257
Package hyperref Info: Hyper figures OFF on input line 6084.
Package hyperref Info: Link nesting OFF on input line 6089.
Package hyperref Info: Hyper index ON on input line 6092.
Package hyperref Info: backreferencing OFF on input line 6099.
Package hyperref Info: Link coloring ON on input line 6102.
Package hyperref Info: Link coloring with OCG OFF on input line 6109.
Package hyperref Info: PDF/A mode OFF on input line 6114.
\Hy@abspage=\count331
\c@Item=\count332
\c@Hfootnote=\count333
)
Package hyperref Info: Driver (autodetected): hpdftex.

(c:/texlive/2026/texmf-dist/tex/latex/hyperref/hpdftex.def
File: hpdftex.def 2026-01-29 v7.01p Hyperref driver for pdfTeX
\Fld@listcount=\count334
\c@bookmark@seq@number=\count335

(c:/texlive/2026/texmf-dist/tex/latex/rerunfilecheck/rerunfilecheck.sty
Package: rerunfilecheck 2025-06-21 v1.11 Rerun checks for auxiliary files (HO)

(c:/texlive/2026/texmf-dist/tex/generic/uniquecounter/uniquecounter.sty
Package: uniquecounter 2019/12/15 v1.4 Provide unlimited unique counter (HO)
)
Package uniquecounter Info: New unique counter `rerunfilecheck' on input line 2
84.
)
\Hy@SectionHShift=\skip64
)
(c:/texlive/2026/texmf-dist/tex/latex/algorithms/algorithm.sty
Package: algorithm 2009/08/24 v0.1 Document Style `algorithm' - floating enviro
nment

(c:/texlive/2026/texmf-dist/tex/latex/base/ifthen.sty
Package: ifthen 2024/03/16 v1.1e Standard LaTeX ifthen package (DPC)
)
\@float@every@algorithm=\toks30
\c@algorithm=\count336
)
(c:/texlive/2026/texmf-dist/tex/latex/algorithmicx/algpseudocode.sty
Package: algpseudocode 

(c:/texlive/2026/texmf-dist/tex/latex/algorithmicx/algorithmicx.sty
Package: algorithmicx 2005/04/27 v1.2 Algorithmicx

Document Style algorithmicx 1.2 - a greatly improved `algorithmic' style
\c@ALG@line=\count337
\c@ALG@rem=\count338
\c@ALG@nested=\count339
\ALG@tlm=\skip65
\ALG@thistlm=\skip66
\c@ALG@Lnr=\count340
\c@ALG@blocknr=\count341
\c@ALG@storecount=\count342
\c@ALG@tmpcounter=\count343
\ALG@tmplength=\skip67
)
Document Style - pseudocode environments for use with the `algorithmicx' style
) (c:/texlive/2026/texmf-dist/tex/latex/listings/listings.sty
\lst@mode=\count344
\lst@gtempboxa=\box66
\lst@token=\toks31
\lst@length=\count345
\lst@currlwidth=\dimen258
\lst@column=\count346
\lst@pos=\count347
\lst@lostspace=\dimen259
\lst@width=\dimen260
\lst@newlines=\count348
\lst@lineno=\count349
\lst@maxwidth=\dimen261

(c:/texlive/2026/texmf-dist/tex/latex/listings/lstpatch.sty
File: lstpatch.sty 2025/11/14 1.11b (Carsten Heinz)
)
(c:/texlive/2026/texmf-dist/tex/latex/listings/lstmisc.sty
File: lstmisc.sty 2025/11/14 1.11b (Carsten Heinz)
\c@lstnumber=\count350
\lst@skipnumbers=\count351
\lst@framebox=\box67
)
(c:/texlive/2026/texmf-dist/tex/latex/listings/listings.cfg
File: listings.cfg 2025/11/14 1.11b listings configuration
))
Package: listings 2025/11/14 1.11b (Carsten Heinz)

==> First Aid for listings.sty no longer applied!
    Expected:
        2024/09/23 1.10c (Carsten Heinz)
    but found:
        2025/11/14 1.11b (Carsten Heinz)
    so I'm assuming it got fixed.
(c:/texlive/2026/texmf-dist/tex/latex/xcolor/xcolor.sty
Package: xcolor 2024/09/29 v3.02 LaTeX color extensions (UK)

(c:/texlive/2026/texmf-dist/tex/latex/graphics-cfg/color.cfg
File: color.cfg 2016/01/02 v1.6 sample color configuration
)
Package xcolor Info: Driver file: pdftex.def on input line 274.

(c:/texlive/2026/texmf-dist/tex/latex/graphics/mathcolor.ltx)
Package xcolor Info: Model `cmy' substituted by `cmy0' on input line 1349.
Package xcolor Info: Model `hsb' substituted by `rgb' on input line 1353.
Package xcolor Info: Model `RGB' extended on input line 1365.
Package xcolor Info: Model `HTML' substituted by `rgb' on input line 1367.
Package xcolor Info: Model `Hsb' substituted by `hsb' on input line 1368.
Package xcolor Info: Model `tHsb' substituted by `hsb' on input line 1369.
Package xcolor Info: Model `HSB' substituted by `hsb' on input line 1370.
Package xcolor Info: Model `Gray' substituted by `gray' on input line 1371.
Package xcolor Info: Model `wave' substituted by `hsb' on input line 1372.
)
(c:/texlive/2026/texmf-dist/tex/latex/cjk/texinput/UTF8/UTF8.enc
File: UTF8.enc 2021/10/16 4.8.5
)
(c:/texlive/2026/texmf-dist/tex/latex/cjk/texinput/UTF8/UTF8.chr
File: UTF8.chr 2021/10/16 4.8.5
)
(./experiment_report.aux)
\openout1 = `experiment_report.aux'.

LaTeX Font Info:    Checking defaults for OML/cmm/m/it on input line 60.
LaTeX Font Info:    ... okay on input line 60.
LaTeX Font Info:    Checking defaults for OMS/cmsy/m/n on input line 60.
LaTeX Font Info:    ... okay on input line 60.
LaTeX Font Info:    Checking defaults for OT1/cmr/m/n on input line 60.
LaTeX Font Info:    ... okay on input line 60.
LaTeX Font Info:    Checking defaults for T1/cmr/m/n on input line 60.
LaTeX Font Info:    ... okay on input line 60.
LaTeX Font Info:    Checking defaults for TS1/cmr/m/n on input line 60.
LaTeX Font Info:    ... okay on input line 60.
LaTeX Font Info:    Checking defaults for OMX/cmex/m/n on input line 60.
LaTeX Font Info:    ... okay on input line 60.
LaTeX Font Info:    Checking defaults for U/cmr/m/n on input line 60.
LaTeX Font Info:    ... okay on input line 60.
LaTeX Font Info:    Checking defaults for C00/song/m/n on input line 60.
LaTeX Font Info:    ... okay on input line 60.
LaTeX Font Info:    Checking defaults for C05/song/m/n on input line 60.
LaTeX Font Info:    ... okay on input line 60.
LaTeX Font Info:    Checking defaults for C09/song/m/n on input line 60.
LaTeX Font Info:    ... okay on input line 60.
LaTeX Font Info:    Checking defaults for C10/song/m/n on input line 60.
LaTeX Font Info:    ... okay on input line 60.
LaTeX Font Info:    Checking defaults for C20/song/m/n on input line 60.
LaTeX Font Info:    ... okay on input line 60.
LaTeX Font Info:    Checking defaults for C19/song/m/n on input line 60.
LaTeX Font Info:    ... okay on input line 60.
LaTeX Font Info:    Checking defaults for C40/song/m/n on input line 60.
LaTeX Font Info:    ... okay on input line 60.
LaTeX Font Info:    Checking defaults for C42/song/m/n on input line 60.
LaTeX Font Info:    ... okay on input line 60.
LaTeX Font Info:    Checking defaults for C43/song/m/n on input line 60.
LaTeX Font Info:    ... okay on input line 60.
LaTeX Font Info:    Checking defaults for C50/song/m/n on input line 60.
LaTeX Font Info:    ... okay on input line 60.
LaTeX Font Info:    Checking defaults for C52/song/m/n on input line 60.
LaTeX Font Info:    ... okay on input line 60.
LaTeX Font Info:    Checking defaults for C49/song/m/n on input line 60.
LaTeX Font Info:    ... okay on input line 60.
LaTeX Font Info:    Checking defaults for C60/mj/m/n on input line 60.
LaTeX Font Info:    ... okay on input line 60.
LaTeX Font Info:    Checking defaults for C61/mj/m/n on input line 60.
LaTeX Font Info:    ... okay on input line 60.
LaTeX Font Info:    Checking defaults for C63/mj/m/n on input line 60.
LaTeX Font Info:    ... okay on input line 60.
LaTeX Font Info:    Checking defaults for C64/mj/m/n on input line 60.
LaTeX Font Info:    ... okay on input line 60.
LaTeX Font Info:    Checking defaults for C65/mj/m/n on input line 60.
LaTeX Font Info:    ... okay on input line 60.
LaTeX Font Info:    Checking defaults for C70/song/m/n on input line 60.
LaTeX Font Info:    ... okay on input line 60.
LaTeX Font Info:    Checking defaults for C31/song/m/n on input line 60.
LaTeX Font Info:    ... okay on input line 60.
LaTeX Font Info:    Checking defaults for C32/song/m/n on input line 60.
LaTeX Font Info:    ... okay on input line 60.
LaTeX Font Info:    Checking defaults for C33/song/m/n on input line 60.
LaTeX Font Info:    ... okay on input line 60.
LaTeX Font Info:    Checking defaults for C34/song/m/n on input line 60.
LaTeX Font Info:    ... okay on input line 60.
LaTeX Font Info:    Checking defaults for C35/song/m/n on input line 60.
LaTeX Font Info:    ... okay on input line 60.
LaTeX Font Info:    Checking defaults for C36/song/m/n on input line 60.
LaTeX Font Info:    ... okay on input line 60.
LaTeX Font Info:    Checking defaults for C37/song/m/n on input line 60.
LaTeX Font Info:    ... okay on input line 60.
LaTeX Font Info:    Checking defaults for C80/song/m/n on input line 60.
LaTeX Font Info:    ... okay on input line 60.
LaTeX Font Info:    Checking defaults for C81/song/m/n on input line 60.
LaTeX Font Info:    ... okay on input line 60.
LaTeX Font Info:    Checking defaults for C01/song/m/n on input line 60.
LaTeX Font Info:    ... okay on input line 60.
LaTeX Font Info:    Checking defaults for C11/song/m/n on input line 60.
LaTeX Font Info:    ... okay on input line 60.
LaTeX Font Info:    Checking defaults for C21/song/m/n on input line 60.
LaTeX Font Info:    ... okay on input line 60.
LaTeX Font Info:    Checking defaults for C41/song/m/n on input line 60.
LaTeX Font Info:    ... okay on input line 60.
LaTeX Font Info:    Checking defaults for C62/song/m/n on input line 60.
LaTeX Font Info:    ... okay on input line 60.
LaTeX Font Info:    Checking defaults for PD1/pdf/m/n on input line 60.
LaTeX Font Info:    ... okay on input line 60.
LaTeX Font Info:    Checking defaults for PU/pdf/m/n on input line 60.
LaTeX Font Info:    ... okay on input line 60.

*geometry* driver: auto-detecting
*geometry* detected driver: pdftex
*geometry* verbose mode - [ preamble ] result:
* driver: pdftex
* paper: a4paper
* layout: <same size as paper>
* layoutoffset:(h,v)=(0.0pt,0.0pt)
* modes: 
* h-part:(L,W,R)=(79.6678pt, 438.17227pt, 79.6678pt)
* v-part:(T,H,B)=(71.13188pt, 702.78308pt, 71.13188pt)
* \paperwidth=597.50787pt
* \paperheight=845.04684pt
* \textwidth=438.17227pt
* \textheight=702.78308pt
* \oddsidemargin=7.39781pt
* \evensidemargin=7.39781pt
* \topmargin=-38.1381pt
* \headheight=12.0pt
* \headsep=25.0pt
* \topskip=12.0pt
* \footskip=30.0pt
* \marginparwidth=35.0pt
* \marginparsep=10.0pt
* \columnsep=10.0pt
* \skip\footins=10.8pt plus 4.0pt minus 2.0pt
* \hoffset=0.0pt
* \voffset=0.0pt
* \mag=1000
* \@twocolumnfalse
* \@twosidefalse
* \@mparswitchfalse
* \@reversemarginfalse
* (1in=72.27pt=25.4mm, 1cm=28.453pt)

(c:/texlive/2026/texmf-dist/tex/context/base/mkii/supp-pdf.mkii
[Loading MPS to PDF converter (version 2006.09.02).]
\scratchcounter=\count352
\scratchdimen=\dimen262
\scratchbox=\box68
\nofMPsegments=\count353
\nofMParguments=\count354
\everyMPshowfont=\toks32
\MPscratchCnt=\count355
\MPscratchDim=\dimen263
\MPnumerator=\count356
\makeMPintoPDFobject=\count357
\everyMPtoPDFconversion=\toks33
) (c:/texlive/2026/texmf-dist/tex/latex/epstopdf-pkg/epstopdf-base.sty
Package: epstopdf-base 2020-01-24 v2.11 Base part for package epstopdf
Package epstopdf-base Info: Redefining graphics rule for `.eps' on input line 4
85.

(c:/texlive/2026/texmf-dist/tex/latex/latexconfig/epstopdf-sys.cfg
File: epstopdf-sys.cfg 2010/07/13 v1.3 Configuration of (r)epstopdf for TeX Liv
e
))
Package caption Info: Begin \AtBeginDocument code.
Package caption Info: hyperref package is loaded.
Package caption Info: listings package is loaded.
Package caption Info: longtable package is loaded.

(c:/texlive/2026/texmf-dist/tex/latex/caption/ltcaption.sty
Package: ltcaption 2021/01/08 v1.4c longtable captions (AR)
)
Package caption Info: End \AtBeginDocument code.
Package hyperref Info: Link coloring ON on input line 60.

(./experiment_report.out) (./experiment_report.out)
\@outlinefile=\write3
\openout3 = `experiment_report.out'.

\c@lstlisting=\count358
LaTeX Font Info:    Trying to load font information for C70+rm on input line 63
.

(c:/texlive/2026/texmf-dist/tex/latex/ctex/fd/c70rm.fd
File: c70rm.fd 2022/07/14 v2.5.10 Chinese font definition (CTEX)
)
LaTeX Font Info:    Trying to load font information for U+msa on input line 63.


(c:/texlive/2026/texmf-dist/tex/latex/amsfonts/umsa.fd
File: umsa.fd 2013/01/14 v3.01 AMS symbols A
)
LaTeX Font Info:    Trying to load font information for U+msb on input line 63.


(c:/texlive/2026/texmf-dist/tex/latex/amsfonts/umsb.fd
File: umsb.fd 2013/01/14 v3.01 AMS symbols B
)
Package CJKpunct Info: use punctuation spaces for family 'rm' with punctstyle (
quanjiao) on input line 67.

Overfull \hbox (8.83963pt too wide) in paragraph at lines 67--68
\C70/rm/m/n/10.95/53   \C70/rm/m/n/10.95/9c Å \C70/rm/m/n/10.95/68 “ \C70/rm/m/
n/10.95/60 ' \C70/rm/m/n/10.95/52 ^^F \C70/rm/m/n/10.95/67 ê \C70/rm/m/n/10.95/
76 Ñ \C70/rm/m/n/10.95/5b å \C70/rm/m/n/10.95/65 t \C70/rm/m/n/10.95/62 Ä \C70/
rm/m/n/10.95/67 / \C70/rm/m/n/10.95/6d A \C70/rm/m/n/10.95/7a |\C70/rm/m/n/10.
95/30 ^^B| \C70/rm/m/n/10.95/94 à \C70/rm/m/n/10.95/5b ˘ \C70/rm/m/n/10.95/9e —
 \C70/rm/m/n/10.95/82 r \C70/rm/m/n/10.95/7d   \C70/rm/m/n/10.95/76 $ |\C70/rm/
m/n/10.95/ff ^^H|\OT1/cmr/m/n/10.95 melanoma, mel|\C70/rm/m/n/10.95/ff 	||\C70/
rm/m/n/10.95/30 ^^A| \C70/rm/m/n/10.95/66 n \C70/rm/m/n/10.95/90 ^^Z \C70/rm/m/
n/10.95/75 „ |\C70/rm/m/n/10.95/ff ^^H|\OT1/cmr/m/n/10.95 nevus,
 []


Overfull \hbox (15.56161pt too wide) in paragraph at lines 67--68
\C70/rm/m/n/10.95/4f   \C70/rm/m/n/10.95/7e ﬂ \C70/rm/m/n/10.95/67 : \C70/rm/m/
n/10.95/56 h \C70/rm/m/n/10.95/5b f \C70/rm/m/n/10.95/4e ` \C70/rm/m/n/10.95/52
 ^^F \C70/rm/m/n/10.95/7c { \C70/rm/m/n/10.95/56 h |\C70/rm/m/n/10.95/ff ^^H|\O
T1/cmr/m/n/10.95 SVM|\C70/rm/m/n/10.95/30 ^^A| \C70/rm/m/n/10.95/96 è \C70/rm/m
/n/10.95/67 : \C70/rm/m/n/10.95/68 Ó \C70/rm/m/n/10.95/67 ó|\C70/rm/m/n/10.95/3
0 ^^A| \OT1/cmr/m/n/10.95 KNN|\C70/rm/m/n/10.95/ff 	||^^L| \C70/rm/m/n/10.95/4e
 Â \C70/rm/m/n/10.95/53   \C70/rm/m/n/10.95/57 ˙ \C70/rm/m/n/10.95/4e é \C70/rm
/m/n/10.95/53 w \C70/rm/m/n/10.95/79 Ô ^ \C70/rm/m/n/10.95/7e œ \C70/rm/m/n/10.
95/7f Q \C70/rm/m/n/10.95/7e ‹ |\C70/rm/m/n/10.95/ff ^^H|\OT1/cmr/m/n/10.95 Res
Net-
 []


Overfull \hbox (25.56857pt too wide) in paragraph at lines 69--70
\OT1/cmr/m/n/10.95 Macro-F1=0.672|\C70/rm/m/n/10.95/ff 	||\C70/rm/m/n/10.95/30 
^^B| \C70/rm/m/n/10.95/6d Ò \C70/rm/m/n/10.95/5e ¶ \C70/rm/m/n/10.95/5b f \C70/
rm/m/n/10.95/4e ` \C70/rm/m/n/10.95/65 π \C70/rm/m/n/10.95/68 H \C70/rm/m/n/10.
95/4e -|\C70/rm/m/n/10.95/ff ^^L| \OT1/cmr/m/n/10.95 MobileNetV2\C70/rm/m/n/10.
95/4e Â\OT1/cmr/bx/n/10.95 83.33%\C70/rm/m/n/10.95/51 ∆ \C70/rm/m/n/10.95/78 n 
\C70/rm/m/n/10.95/73 á \C70/rm/m/n/10.95/54 å\OT1/cmr/bx/n/10.95 0.840 \OT1/cmr
/m/n/10.95 Macro-
 []

(c:/texlive/2026/texmf-dist/tex/generic/ctex/zhmap/ctex-zhmap-windows.tex
File: ctex-zhmap-windows.tex 2022/07/14 v2.5.10 Windows font map loader for pdf
TeX and DVIPDFMx (CTEX)
{c:/texlive/2026/texmf-var/fonts/map/pdftex/updmap/pdftex.map}{UGBK.sfd}{Unicod
e.sfd}) [1

] (./experiment_report.toc [2])
\tf@toc=\write4
\openout4 = `experiment_report.toc'.

 [3] [4] [5{c:/texlive/2026/texmf-dist/fonts/enc/dvips/cm-super/cm-super-ts1.en
c}]
Overfull \hbox (6.23839pt too wide) in paragraph at lines 172--173
[]\C70/rm/m/n/12/98 ú \C70/rm/m/n/12/82 r \C70/rm/m/n/12/76 Ù \C70/rm/m/n/12/65
 π \C70/rm/m/n/12/56 ˛ \C70/rm/m/n/12/63 œ \C70/rm/m/n/12/8f  \C70/rm/m/n/12/4
e Ü \C70/rm/m/n/12/56 ˛ \C70/rm/m/n/12/50 œ \C70/rm/m/n/12/4e - \C70/rm/m/n/12/
54 ^^D \C70/rm/m/n/12/98 ú \C70/rm/m/n/12/82 r \C70/rm/m/n/12/5f : \C70/rm/m/n/
12/5e ¶ \C70/rm/m/n/12/76 Ñ \C70/rm/m/n/12/52 ^^F \C70/rm/m/n/12/5e ^^C \C70/rm
/m/n/12/60 ≈ \C70/rm/m/n/12/51 µ|\C70/rm/m/n/12/30 ^^B| \C70/rm/m/n/12/5b ˘\OT1
/cmr/m/n/12 RGB\C70/rm/m/n/12/4e 	 * \C70/rm/m/n/12/90 ^^Z S \C70/rm/m/n/12/52 
^^F + \C70/rm/m/n/12/8b ° \C70/rm/m/n/12/7b ó\OT1/cmr/m/n/12 32\C70/rm/m/n/12/4
e *
 []

[6] [7]
Overfull \hbox (0.40259pt too wide) in paragraph at lines 222--223
[]\C70/rm/m/n/12/51 v \C70/rm/m/n/12/4e -$\OML/cmm/m/it/12 g[]$\C70/rm/m/n/12/4
e : - \C70/rm/m/n/12/5f √ \C70/rm/m/n/12/50 œ \C70/rm/m/n/12/7d   \C70/rm/m/n/1
2/70 p \C70/rm/m/n/12/5e ¶ \C70/rm/m/n/12/50 <|\C70/rm/m/n/12/ff ^^L| $\OML/cmm
/m/it/12 g[]$\C70/rm/m/n/12/4e : \C70/rm/m/n/12/53 J \C70/rm/m/n/12/5f Ñ \C70/r
m/m/n/12/4e :$\OML/cmm/m/it/12 R$\C70/rm/m/n/12/76 Ñ \C70/rm/m/n/12/57 ^^F \C70
/rm/m/n/12/54 h \C70/rm/m/n/12/4e 
 \C70/rm/m/n/12/7b ,$\OML/cmm/m/it/12 p$\C70/rm/m/n/12/4e * \C70/rm/m/n/12/90 ª
 \C70/rm/m/n/12/57 ﬂ \C70/rm/m/n/12/70 π \C70/rm/m/n/12/76 Ñ \C70/rm/m/n/12/70 
p \C70/rm/m/n/12/5e ¶ \C70/rm/m/n/12/50 <|\C70/rm/m/n/12/ff ^^L| $\OML/cmm/m/it
/12 s\OT1/cmr/m/n/12 (\OML/cmm/m/it/12 x\OT1/cmr/m/n/12 ) =
 []


Overfull \hbox (3.77066pt too wide) in paragraph at lines 250--251
\C70/rm/bx/n/12/68 ^^G \C70/rm/bx/n/12/51 ∆ \C70/rm/bx/n/12/53 ^^V |\C70/rm/bx/
n/12/ff ^^H|\OT1/cmr/bx/n/12 Standardization|\C70/rm/bx/n/12/ff 	| [] \C70/rm/m
/n/12/5b ˘ \C70/rm/m/n/12/72 y \C70/rm/m/n/12/5f Å \C70/rm/m/n/12/77 È \C70/rm/
m/n/12/96 5 \C70/rm/m/n/12/5e î \C70/rm/m/n/12/75 (\OT1/cmr/m/n/12 StandardScal
er\C70/rm/m/n/12/8f € \C70/rm/m/n/12/88 L\OT1/cmr/m/n/12 z-score\C70/rm/m/n/12/
68 ^^G \C70/rm/m/n/12/51 ∆ \C70/rm/m/n/12/53 ^^V|\C70/rm/m/n/12/ff ^^L| \C70/rm
/m/n/12/4f ^^?
 []

<features/pca_analysis.png, id=592, 1004.553pt x 353.6412pt>
File: features/pca_analysis.png Graphic file (type png)
<use features/pca_analysis.png>
Package pdftex.def Info: features/pca_analysis.png  used on input line 262.
(pdftex.def)             Requested size: 210.32082pt x 74.04019pt.
[8] [9 <./features/pca_analysis.png>] [10] [11] [12] [13]
Overfull \hbox (15.20378pt too wide) in paragraph at lines 459--460
[]\C70/rm/m/n/12/96 è \C70/rm/m/n/12/67 : \C70/rm/m/n/12/68 Ó \C70/rm/m/n/12/67
 ó \C70/rm/m/n/12/57 ( \C70/rm/m/n/12/51 ∆ \C70/rm/m/n/12/78 n \C70/rm/m/n/12/7
3 á \C70/rm/m/n/12/4e 
 \C70/rm/m/n/12/75 e \C70/rm/m/n/12/9a ÿ \C70/rm/m/n/12/4e é\OT1/cmr/m/n/12 SVM
 |\C70/rm/m/n/12/ff ^^H|\OT1/cmr/m/n/12 73.33% vs 72.50%|\C70/rm/m/n/12/ff 	||^
^L| \C70/rm/m/n/12/4f F\OT1/cmr/m/n/12 SVM\C70/rm/m/n/12/57 ( \C70/rm/m/n/12/53
 Ï \C70/rm/m/n/12/56 ﬁ \C70/rm/m/n/12/73 á |\C70/rm/m/n/12/ff ^^H|\OT1/cmr/m/n/
12 Macro|\C70/rm/m/n/12/ff 	|
 []


Underfull \hbox (badness 10000) in paragraph at lines 466--467

 []

<results/confusion_matrices.png, id=669, 1076.3412pt x 281.3712pt>
File: results/confusion_matrices.png Graphic file (type png)
<use results/confusion_matrices.png>
Package pdftex.def Info: results/confusion_matrices.png  used on input line 499
.
(pdftex.def)             Requested size: 416.26231pt x 108.81554pt.
[14]
<results/metrics_comparison.png, id=679, 715.473pt x 426.393pt>
File: results/metrics_comparison.png Graphic file (type png)
<use results/metrics_comparison.png>
Package pdftex.def Info: results/metrics_comparison.png  used on input line 512
.
(pdftex.def)             Requested size: 210.32082pt x 125.3424pt.
<results/per_class_f1.png, id=680, 715.473pt x 426.8748pt>
File: results/per_class_f1.png Graphic file (type png)
<use results/per_class_f1.png>
Package pdftex.def Info: results/per_class_f1.png  used on input line 519.
(pdftex.def)             Requested size: 210.32082pt x 125.48404pt.
<features/mutual_info.png, id=682, 859.5312pt x 498.663pt>
File: features/mutual_info.png Graphic file (type png)
<use features/mutual_info.png>
Package pdftex.def Info: features/mutual_info.png  used on input line 534.
(pdftex.def)             Requested size: 372.4491pt x 216.07967pt.
 [15 <./results/confusion_matrices.png> <./results/metrics_comparison.png> <./r
esults/per_class_f1.png>]
<features/tsne_visualization.png, id=694, 714.9912pt x 570.933pt>
File: features/tsne_visualization.png Graphic file (type png)
<use features/tsne_visualization.png>
Package pdftex.def Info: features/tsne_visualization.png  used on input line 55
0.
(pdftex.def)             Requested size: 284.8093pt x 227.42828pt.
 [16 <./features/mutual_info.png> <./features/tsne_visualization.png>] [17]
Overfull \hbox (11.31947pt too wide) in paragraph at lines 620--621
[]\C70/rm/bx/n/12/6d Ò \C70/rm/bx/n/12/5e ¶ \C70/rm/bx/n/12/5b f \C70/rm/bx/n/1
2/4e ` \C70/rm/bx/n/12/66 > \C70/rm/bx/n/12/84 W \C70/rm/bx/n/12/8d Ö ä \C70/rm
/bx/n/12/4f   \C70/rm/bx/n/12/7e ﬂ \C70/rm/bx/n/12/65 π \C70/rm/bx/n/12/6c ’|\C
70/rm/m/n/12/ff ^^Z| \OT1/cmr/m/n/12 MobileNetV2\C70/rm/m/n/12/8f É \C70/rm/m/n
/12/67 ^^@ \C70/rm/m/n/12/4f s   \C70/rm/m/n/12/7e ﬂ \C70/rm/m/n/12/6a ! \C70/r
m/m/n/12/57 ã |\C70/rm/m/n/12/ff ^^H|\C70/rm/m/n/12/96 è \C70/rm/m/n/12/67 : \C
70/rm/m/n/12/68 Ó \C70/rm/m/n/12/67 ó|\C70/rm/m/n/12/ff ^^L| \OT1/cmr/m/n/12 73
.33%|\C70/rm/m/n/12/ff 	|
 []

Package CJKpunct Info: use punctuation spaces for family 'zhkai' with punctstyl
e (quanjiao) on input line 640.
[18] [19]
Overfull \hbox (26.05135pt too wide) in paragraph at lines 738--739
\C70/rm/m/n/12/66 / \C70/rm/m/n/12/67 ^^@ \C70/rm/m/n/12/4e ; \C70/rm/m/n/12/89
 Å \C70/rm/m/n/12/76 Ñ \C70/rm/m/n/12/95 ^^Y \C70/rm/m/n/12/8b Ô \C70/rm/m/n/12
/6a ! \C70/rm/m/n/12/5f ^^O |\C70/rm/m/n/12/ff ^^H|\OT1/cmr/m/n/12 MobileNetV2:
 9\C70/rm/m/n/12/4f ã\OT1/cmr/m/n/12 mel$\OMS/cmsy/m/n/12 !$\OT1/cmr/m/n/12 nv 
+ 6\C70/rm/m/n/12/4f ã\OT1/cmr/m/n/12 nv$\OMS/cmsy/m/n/12 !$\OT1/cmr/m/n/12 mel
|\C70/rm/m/n/12/ff ^^[| \OT1/cmr/m/n/12 ResNet18: 12\C70/rm/m/n/12/4f ã\OT1/cmr
/m/n/12 mel$\OMS/cmsy/m/n/12 !$\OT1/cmr/m/n/12 nv
 []

<results/roc_curves.png, id=733, 1076.823pt x 281.3712pt>
File: results/roc_curves.png Graphic file (type png)
<use results/roc_curves.png>
Package pdftex.def Info: results/roc_curves.png  used on input line 746.
(pdftex.def)             Requested size: 416.26231pt x 108.76831pt.
[20]
Overfull \hbox (9.42757pt too wide) in paragraph at lines 760--761
\C70/rm/m/n/12/8b ≠ \C70/rm/m/n/12/7e √ \C70/rm/m/n/12/96 ∆ \C70/rm/m/n/12/89 Ü
 \C70/rm/m/n/12/76 ÷ \C70/rm/m/n/12/4e Ü\OT1/cmr/bx/n/12 198\C70/rm/bx/n/12/4e 
* \C70/rm/m/n/12/72 Ï \C70/rm/m/n/12/7a À \C70/rm/m/n/12/75 ≈ \C70/rm/m/n/12/70
 v \C70/rm/m/n/12/7f ^^V \C70/rm/m/n/12/53 ˜|\C70/rm/m/n/12/ff ^^L| \C70/rm/m/n
/12/6d K \C70/rm/m/n/12/8b ’ \C70/rm/m/n/12/96 ∆ \C70/rm/m/n/12/89 Ü \C70/rm/m/
n/12/76 ÷ \C70/rm/m/n/12/4e Ü\OT1/cmr/bx/n/12 100\C70/rm/bx/n/12/4e * \C70/rm/m
/n/12/72 Ï \C70/rm/m/n/12/7a À \C70/rm/m/n/12/75 ≈ \C70/rm/m/n/12/70 v \C70/rm/
m/n/12/7f ^^V \C70/rm/m/n/12/53 ˜|\C70/rm/m/n/12/ff ^^L| \C70/rm/m/n/12/4e $ \C
70/rm/m/n/12/80 ^^E \C70/rm/m/n/12/91 Õ \C70/rm/m/n/12/53 ‡\OT1/cmr/bx/n/12 98\
C70/rm/bx/n/12/4e *
 []


Overfull \hbox (10.43419pt too wide) in paragraph at lines 760--761
\C70/rm/m/n/12/75 ≈ \C70/rm/m/n/12/70 v \C70/rm/m/n/12/7f ^^V \C70/rm/m/n/12/53
 ˜|\C70/rm/m/n/12/30 ^^B| \C70/rm/m/n/12/8f Ÿ \C70/rm/m/n/12/61 ^^O \C70/rm/m/n
/12/54 s \C70/rm/m/n/12/77 @ \C70/rm/m/n/12/8b ≠ \C70/rm/m/n/12/7e √ \C70/rm/m/
n/12/96 ∆ \C70/rm/m/n/12/54 å \C70/rm/m/n/12/6d K \C70/rm/m/n/12/8b ’ \C70/rm/m
/n/12/96 ∆ \C70/rm/m/n/12/4e - \C70/rm/m/n/12/5b X \C70/rm/m/n/12/57 ( \C70/rm/
m/n/12/59 ' \C70/rm/m/n/12/91 œ \C70/rm/m/n/12/54 ^^L \C70/rm/m/n/12/4e ^^@ \C7
0/rm/m/n/12/75 ≈ \C70/rm/m/n/12/70 v \C70/rm/m/n/12/76 Ñ \C70/rm/m/n/12/4e ^^M 
\C70/rm/m/n/12/54 ^^L \C70/rm/m/n/12/58 û \C70/rm/m/n/12/5f : \C70/rm/m/n/12/72
 H \C70/rm/m/n/12/67 , |\C70/rm/m/n/12/ff ^^H|\C70/rm/m/n/12/59 Ç\OT1/cmr/m/n/1
2 42.jpg\C70/rm/m/n/12/57 (
 []

[21 <./results/roc_curves.png>]
Overfull \hbox (16.07297pt too wide) in paragraph at lines 796--797
[]\C70/rm/bx/n/12/52 ^^F \C70/rm/bx/n/12/67 ê|\C70/rm/bx/n/12/ff ^^Z| \OT1/cmr/
m/n/12 SVM\C70/rm/m/n/12/57 ( \C70/rm/m/n/12/53 ü \C70/rm/m/n/12/56 ˛ \C70/rm/m
/n/12/4e 
 \C70/rm/m/n/12/88 h \C70/rm/m/n/12/73 ∞ \C70/rm/m/n/12/67 ^^@ \C70/rm/m/n/12/4
f s |\C70/rm/m/n/12/ff ^^H|\OT1/cmr/m/n/12 89.7%|\C70/rm/m/n/12/ff 	||^^L| \C70
/rm/m/n/12/4f F \C70/rm/m/n/12/57 ( \C70/rm/m/n/12/58 û \C70/rm/m/n/12/5f : \C7
0/rm/m/n/12/56 ˛ \C70/rm/m/n/12/4e 
 \C70/rm/m/n/12/59 ' \C70/rm/m/n/12/5e E \C70/rm/m/n/12/4e  \C70/rm/m/n/12/96 
M |\C70/rm/m/n/12/ff ^^H|[]\OT1/cmr/m/n/12 aug1\C70/rm/m/n/12/4e ≈\OT1/cmr/m/n/
12 64.4%|\C70/rm/m/n/12/ff 	||^^L|
 []


Overfull \hbox (8.80226pt too wide) in paragraph at lines 810--811
[]\C70/rm/m/n/12/51 q \C70/rm/m/n/12/8b °\OT1/cmr/m/n/12 10\C70/rm/m/n/12/79 Õ 
\C70/rm/m/n/12/62 p \C70/rm/m/n/12/52 ® \C70/rm/m/n/12/67 a \C70/rm/m/n/12/4e ˆ
|\C70/rm/m/n/12/30 ^^B| \C70/rm/m/n/12/57 ( \C70/rm/m/n/12/6b œ \C70/rm/m/n/12/
4e * \C70/rm/m/n/12/67 a \C70/rm/m/n/12/4e ˆ |\C70/rm/m/n/12/ff ^^L| \C70/rm/m
/n/12/5b ˘ \C70/rm/m/n/12/6d K \C70/rm/m/n/12/8b ’ \C70/rm/m/n/12/96 ∆ \C70/rm/
m/n/12/56 ˛ \C70/rm/m/n/12/50 œ \C70/rm/m/n/12/65 Ω \C70/rm/m/n/12/52 † \C70/rm
/m/n/12/62 p \C70/rm/m/n/12/52 ® \C70/rm/m/n/12/54 ^^N \C70/rm/m/n/12/91 Õ \C70
/rm/m/n/12/65 ∞ \C70/rm/m/n/12/63 – \C70/rm/m/n/12/53 ÷ \C70/rm/m/n/12/51 h \C7
0/rm/m/n/12/90 Ë\OT1/cmr/m/n/12 127\C70/rm/m/n/12/7e Ù
 []

<results_member4/robustness_curves.png, id=755, 1011.78pt x 433.62pt>
File: results_member4/robustness_curves.png Graphic file (type png)
<use results_member4/robustness_curves.png>
Package pdftex.def Info: results_member4/robustness_curves.png  used on input l
ine 820.
(pdftex.def)             Requested size: 416.26231pt x 178.40068pt.
[22]
<results_member4/stability_heatmap.png, id=760, 1011.78pt x 346.896pt>
File: results_member4/stability_heatmap.png Graphic file (type png)
<use results_member4/stability_heatmap.png>
Package pdftex.def Info: results_member4/stability_heatmap.png  used on input l
ine 827.
(pdftex.def)             Requested size: 416.26231pt x 142.72054pt.
<results_member4/per_class_f1_drop.png, id=762, 722.7pt x 397.485pt>
File: results_member4/per_class_f1_drop.png Graphic file (type png)
<use results_member4/per_class_f1_drop.png>
Package pdftex.def Info: results_member4/per_class_f1_drop.png  used on input l
ine 844.
(pdftex.def)             Requested size: 315.48456pt x 173.51715pt.
 [23 <./results_member4/robustness_curves.png> <./results_member4/stability_hea
tmap.png>]
Overfull \hbox (22.74991pt too wide) in paragraph at lines 857--858
\C70/rm/m/n/12/50 œ\OT1/cmr/m/n/12 ID |\C70/rm/m/n/12/ff ^^H|\C70/rm/m/n/12/53 
ª \C70/rm/m/n/12/96 d[]\OT1/cmr/m/n/12 aug\C70/rm/m/n/12/54 ^^N \C70/rm/m/n/12/
7f ^^@|\C70/rm/m/n/12/ff 	| \C70/rm/m/n/12/4e : \C70/rm/m/n/12/52 ^^F \C70/rm/m
/n/12/7e ƒ \C70/rm/m/n/12/53 U \C70/rm/m/n/12/4f M|\C70/rm/m/n/12/ff ^^L| \C70/
rm/m/n/12/78 n \C70/rm/m/n/12/4f › \C70/rm/m/n/12/54 ^^L \C70/rm/m/n/12/4e ^^@ 
\C70/rm/m/n/12/53 ü \C70/rm/m/n/12/59 À \C70/rm/m/n/12/56 ˛ \C70/rm/m/n/12/50 œ
 \C70/rm/m/n/12/76 Ñ \C70/rm/m/n/12/62 @ \C70/rm/m/n/12/67 	 \C70/rm/m/n/12/72 
H \C70/rm/m/n/12/67 , |\C70/rm/m/n/12/ff ^^H|\C70/rm/m/n/12/53 ü \C70/rm/m/n/12
/56 ˛\OT1/cmr/m/n/12 +[]aug1+[]aug2|\C70/rm/m/n/12/ff 	|
 []


Overfull \hbox (20.21275pt too wide) in paragraph at lines 857--858
\C70/rm/m/n/12/51 h \C70/rm/m/n/12/90 Ë \C70/rm/m/n/12/5f R \C70/rm/m/n/12/51 e
 \C70/rm/m/n/12/54 ^^L \C70/rm/m/n/12/4e ^^@ \C70/rm/m/n/12/4f ß |\C70/rm/m/n/1
2/ff ^^H|\C70/rm/m/n/12/8b ≠ \C70/rm/m/n/12/7e √ \C70/rm/m/n/12/96 ∆ \C70/rm/m/
n/12/62 ^^V \C70/rm/m/n/12/6d K \C70/rm/m/n/12/8b ’ \C70/rm/m/n/12/96 ∆|\C70/rm
/m/n/12/ff 	||\C70/rm/m/n/12/30 ^^B| \C70/rm/m/n/12/57 (\OT1/cmr/m/n/12 10\C70/
rm/m/n/12/4e * ^^M \C70/rm/m/n/12/54 ^^L \C70/rm/m/n/12/96 è \C70/rm/m/n/12/67 
: \C70/rm/m/n/12/79 Õ \C70/rm/m/n/12/5b P \C70/rm/m/n/12/4e  \C70/rm/m/n/12/91
 Õ \C70/rm/m/n/12/59 ^^M\OT1/cmr/m/n/12 StratifiedShuffleSplit\C70/rm/m/n/12/52
 ^^F
 []

<results_member4/group_split_stability.png, id=773, 614.295pt x 361.35pt>
File: results_member4/group_split_stability.png Graphic file (type png)
<use results_member4/group_split_stability.png>
Package pdftex.def Info: results_member4/group_split_stability.png  used on inp
ut line 876.
(pdftex.def)             Requested size: 359.30446pt x 211.35857pt.
[24 <./results_member4/per_class_f1_drop.png>]
Overfull \hbox (3.18777pt too wide) in paragraph at lines 883--884
\C70/rm/m/n/12/4e Œ\OT1/cmr/m/n/12 0.736\C70/rm/m/n/12/96 M \C70/rm/m/n/12/81 Û
\OT1/cmr/m/n/12 0.578 |\C70/rm/m/n/12/ff ^^H|$\OMS/cmsy/m/n/12 ^^@$\OT1/cmr/m/n
/12 0.158|\C70/rm/m/n/12/ff 	||^^L| \OT1/cmr/m/n/12 SVM\C70/rm/m/n/12/4e Œ\OT1/
cmr/m/n/12 0.736\C70/rm/m/n/12/96 M \C70/rm/m/n/12/81 Û\OT1/cmr/m/n/12 0.515 |\
C70/rm/m/n/12/ff ^^H|$\OMS/cmsy/m/n/12 ^^@$\OT1/cmr/m/n/12 0.221|\C70/rm/m/n/12
/ff 	||^^L| \OT1/cmr/m/n/12 KNN\C70/rm/m/n/12/4e Œ\OT1/cmr/m/n/12 0.672\C70/rm/
m/n/12/96 M
 []

<results_member4/worst_perturbation_confusion_matrix.png, id=781, 390.258pt x 3
46.896pt>
File: results_member4/worst_perturbation_confusion_matrix.png Graphic file (typ
e png)
<use results_member4/worst_perturbation_confusion_matrix.png>
Package pdftex.def Info: results_member4/worst_perturbation_confusion_matrix.pn
g  used on input line 895.
(pdftex.def)             Requested size: 240.99608pt x 214.22108pt.
[25 <./results_member4/group_split_stability.png>]
Underfull \hbox (badness 10000) in paragraph at lines 916--917
[]|\C70/rm/m/n/10.95/81 Í \C70/rm/m/n/10.95/52 ® \C70/rm/m/n/10.95/5b f \C70/rm
/m/n/10.95/4e ` |\C70/rm/m/n/10.95/ff ^^H|\OT1/cmr/m/n/10.95 CNN\C70/rm/m/n/10.
95/5c B \C70/rm/m/n/10.95/7e ß \C70/rm/m/n/10.95/72 y
 []


Underfull \hbox (badness 1072) in paragraph at lines 917--917
[]|\C70/rm/m/n/10.95/9a ÿ |\C70/rm/m/n/10.95/ff ^^H|\C70/rm/m/n/10.95/6b œ \C70
/rm/m/n/10.95/7e Ù \C70/rm/m/n/10.95/72 y \C70/rm/m/n/10.95/5f Å \C70/rm/m/n/10
.95/67 	 \C70/rm/m/n/10.95/66 ^^N \C70/rm/m/n/10.95/78 n \C70/rm/m/n/10.95/72 i
 \C70/rm/m/n/10.95/74 ^^F
 []

[26 <./results_member4/worst_perturbation_confusion_matrix.png>] [27]
Overfull \hbox (32.04637pt too wide) in paragraph at lines 964--965
[]\C70/rm/bx/n/12/96 ∆ \C70/rm/bx/n/12/62 ^^P \C70/rm/bx/n/12/5b f \C70/rm/bx/n
/12/4e `|\C70/rm/m/n/12/ff ^^Z| \C70/rm/m/n/12/4e 	 \C70/rm/m/n/12/79 Õ \C70/rm
/m/n/12/57 ˙ \C70/rm/m/n/12/52 ^^F \C70/rm/m/n/12/7c { \C70/rm/m/n/12/56 h |\C7
0/rm/m/n/12/ff ^^H|\OT1/cmr/m/n/12 SVM|\C70/rm/m/n/12/30 ^^A| \OT1/cmr/m/n/12 R
F|\C70/rm/m/n/12/30 ^^A| \OT1/cmr/m/n/12 KNN|\C70/rm/m/n/12/ff 	| \C70/rm/m/n/1
2/76 Ñ \C70/rm/m/n/12/98 Ñ \C70/rm/m/n/12/6d K \C70/rm/m/n/12/7e ” \C70/rm/m/n/
12/67 ú \C70/rm/m/n/12/53 Ô \C70/rm/m/n/12/90 ^^Z \C70/rm/m/n/12/8f «\OT1/cmr/m
/n/12 Stacking\C70/rm/m/n/12/62 ^^V\OT1/cmr/m/n/12 Voting\C70/rm/m/n/12/8f €
 []


Overfull \hbox (35.28181pt too wide) in paragraph at lines 975--976
[]\C70/rm/bx/n/12/72 y \C70/rm/bx/n/12/5f Å \C70/rm/bx/n/12/5d Â \C70/rm/bx/n/1
2/7a |\C70/rm/m/n/12/ff ^^Z| \C70/rm/m/n/12/8b æ ° \C70/rm/m/n/12/4e Ü\OT1/cmr
/m/n/12 127\C70/rm/m/n/12/7e Ù \C70/rm/m/n/12/98 ú \C70/rm/m/n/12/82 r\OT1/cmr/
m/n/12 +\C70/rm/m/n/12/7e π \C70/rm/m/n/12/74 ^^F \C70/rm/m/n/12/7e ƒ \C70/rm/m
/n/12/54 ^^H \C70/rm/m/n/12/72 y \C70/rm/m/n/12/5f Å |\C70/rm/m/n/12/ff ^^H|\C7
0/rm/m/n/12/98 ú \C70/rm/m/n/12/82 r \C70/rm/m/n/12/77 È\OT1/cmr/m/n/12 9\C70/r
m/m/n/12/7e Ù\OT1/cmr/m/n/12 +\C70/rm/m/n/12/98 ú \C70/rm/m/n/12/82 r \C70/rm/m
/n/12/76 Ù \C70/rm/m/n/12/65 π \C70/rm/m/n/12/56 ˛\OT1/cmr/m/n/12 96\C70/rm/m/n
/12/7e Ù\OT1/cmr/m/n/12 +GLCM\C70/rm/m/n/12/7e π
 []


Overfull \hbox (51.58583pt too wide) in paragraph at lines 977--978
\OT1/cmr/m/n/12 KNN\C70/rm/m/n/12/53 ÷ \C70/rm/m/n/12/5f ó\OT1/cmr/m/n/12 66.67
%\C70/rm/m/n/12/76 Ñ \C70/rm/m/n/12/51 ∆ \C70/rm/m/n/12/78 n \C70/rm/m/n/12/73 
á |\C70/rm/m/n/12/ff ^^H|\OT1/cmr/m/n/12 Macro-F1=0.6721|\C70/rm/m/n/12/ff 	||\
C70/rm/m/n/12/30 ^^B| \C70/rm/m/n/12/54 ^^L \C70/rm/m/n/12/65 ˆ \C70/rm/m/n/12/
67 Ñ \C70/rm/m/n/12/5e ˙ \C70/rm/m/n/12/4e Ü\OT1/cmr/m/n/12 ResNet-18\C70/rm/m/
n/12/54 å\OT1/cmr/m/n/12 MobileNetV2\C70/rm/m/n/12/6d Ò
 []

[28] [29]
Overfull \hbox (24.37798pt too wide) in paragraph at lines 1070--1071
[]|[]| 
 []


Overfull \hbox (20.19432pt too wide) in paragraph at lines 1073--1074
[]|[]| 
 []


Overfull \hbox (13.9209pt too wide) in paragraph at lines 1076--1077
[]|[]| 
 []


Overfull \hbox (7.08788pt too wide) in paragraph at lines 1079--1080
[]|[]| 
 []


Overfull \hbox (3.30865pt too wide) in paragraph at lines 1082--1083
[]|[]| 
 []


Overfull \hbox (11.32474pt too wide) in paragraph at lines 1065--1085
 [][] 
 []

[30]
LaTeX Font Info:    Trying to load font information for C70+zhfs on input line 
1128.
 (c:/texlive/2026/texmf-dist/tex/latex/zhmetrics/c70zhfs.fd
File: c70zhfs.fd 2009/09/23 4.8.2
)
Package CJKpunct Info: use punctuation spaces for family 'zhfs' with punctstyle
 (quanjiao) on input line 1128.

Underfull \hbox (badness 1057) in paragraph at lines 1144--1145
[]|\OT1/cmr/m/n/10.95 ML\C70/rm/m/n/10.95/7b ó \C70/rm/m/n/10.95/6c ’ \C70/rm/m
/n/10.95/5b û \C70/rm/m/n/10.95/73 ∞ |\C70/rm/m/n/10.95/ff ^^H|\OT1/cmr/m/n/10.
95 SVM, RF, KNN, PCA,
 []


Underfull \hbox (badness 10000) in paragraph at lines 1148--1149
[]|\C70/rm/m/n/10.95/6d Ò \C70/rm/m/n/10.95/5e ¶ \C70/rm/m/n/10.95/5b f \C70/rm
/m/n/10.95/4e ` \C70/rm/m/n/10.95/68 F \C70/rm/m/n/10.95/67 ∂ |\C70/rm/m/n/10.9
5/ff ^^H|\OT1/cmr/m/n/10.95 ResNet-18, Mo-
 []

[31] [32] (./experiment_report.aux)
 ***********
LaTeX2e <2025-11-01>
L3 programming layer <2022/07/14>
 ***********
Package rerunfilecheck Info: File `experiment_report.out' has not changed.
(rerunfilecheck)             Checksum: D2C5D3B0AB2DE207BCB6E2E98B81E206;6757.
 ) 
Here is how much of TeX's memory you used:
 21735 strings out of 467349
 372177 string characters out of 5419862
 744809 words of memory out of 5000000
 49602 multiletter control sequences out of 15000+600000
 776697 words of font info for 589 fonts, out of 8000000 for 9000
 1141 hyphenation exceptions out of 8191
 78i,19n,92p,869b,621s stack positions out of 10000i,1000n,20000p,200000b,200000s
<c:/Windows/Fonts/simfang.ttf><c:/Windows/Fonts/simfang.ttf><c:/Windows/Fonts
/simsun.ttc><c:/Windows/Fonts/simfang.ttf><c:/Windows/Fonts/simfang.ttf><c:/Win
dows/Fonts/simfang.ttf><c:/Windows/Fonts/simfang.ttf><c:/Windows/Fonts/simfang.
ttf><c:/Windows/Fonts/simfang.ttf><c:/Windows/Fonts/simfang.ttf><c:/Windows/Fon
ts/simfang.ttf><c:/Windows/Fonts/simfang.ttf><c:/Windows/Fonts/simfang.ttf><c:/
Windows/Fonts/simfang.ttf><c:/Windows/Fonts/simfang.ttf><c:/Windows/Fonts/simfa
ng.ttf><c:/Windows/Fonts/simfang.ttf><c:/Windows/Fonts/simfang.ttf><c:/Windows/
Fonts/simfang.ttf><c:/Windows/Fonts/simfang.ttf><c:/Windows/Fonts/simfang.ttf><
c:/Windows/Fonts/simfang.ttf><c:/Windows/Fonts/simfang.ttf><c:/Windows/Fonts/si
mfang.ttf><c:/Windows/Fonts/simfang.ttf><c:/Windows/Fonts/simfang.ttf><c:/Windo
ws/Fonts/simfang.ttf><c:/Windows/Fonts/simfang.ttf><c:/Windows/Fonts/simfang.tt
f><c:/Windows/Fonts/simfang.ttf><c:/Windows/Fonts/simfang.ttf><c:/Windows/Fonts
/simfang.ttf><c:/Windows/Fonts/simfang.ttf><c:/Windows/Fonts/simfang.ttf><c:/Wi
ndows/Fonts/simfang.ttf><c:/Windows/Fonts/simfang.ttf><c:/Windows/Fonts/simfang
.ttf><c:/Windows/Fonts/simfang.ttf><c:/Windows/Fonts/simfang.ttf><c:/Windows/Fo
nts/simfang.ttf><c:/Windows/Fonts/simfang.ttf><c:/Windows/Fonts/simfang.ttf><c:
/Windows/Fonts/simfang.ttf><c:/Windows/Fonts/simfang.ttf><c:/Windows/Fonts/simf
ang.ttf><c:/Windows/Fonts/simfang.ttf><c:/Windows/Fonts/simfang.ttf><c:/Windows
/Fonts/simfang.ttf><c:/Windows/Fonts/simfang.ttf><c:/Windows/Fonts/simfang.ttf>
<c:/Windows/Fonts/simsun.ttc><c:/Windows/Fonts/simkai.ttf><c:/Windows/Fonts/sim
kai.ttf><c:/Windows/Fonts/simkai.ttf><c:/Windows/Fonts/simkai.ttf><c:/Windows/F
onts/simkai.ttf><c:/Windows/Fonts/simkai.ttf><c:/Windows/Fonts/simkai.ttf><c:/W
indows/Fonts/simkai.ttf><c:/Windows/Fonts/simkai.ttf><c:/Windows/Fonts/simkai.t
tf><c:/Windows/Fonts/simkai.ttf><c:/Windows/Fonts/simkai.ttf><c:/Windows/Fonts/
simkai.ttf><c:/Windows/Fonts/simkai.ttf><c:/Windows/Fonts/simkai.ttf><c:/Window
s/Fonts/simkai.ttf><c:/Windows/Fonts/simkai.ttf><c:/Windows/Fonts/simkai.ttf><c
:/Windows/Fonts/simkai.ttf><c:/Windows/Fonts/simkai.ttf><c:/Windows/Fonts/simka
i.ttf><c:/Windows/Fonts/simkai.ttf><c:/Windows/Fonts/simkai.ttf><c:/Windows/Fon
ts/simkai.ttf><c:/Windows/Fonts/simkai.ttf><c:/Windows/Fonts/simkai.ttf><c:/Win
dows/Fonts/simkai.ttf><c:/Windows/Fonts/simsun.ttc><c:/Windows/Fonts/simsun.ttc
><c:/Windows/Fonts/simsun.ttc><c:/Windows/Fonts/simhei.ttf><c:/Windows/Fonts/si
msun.ttc><c:/Windows/Fonts/simhei.ttf><c:/Windows/Fonts/simsun.ttc><c:/Windows/
Fonts/simsun.ttc><c:/Windows/Fonts/simsun.ttc><c:/Windows/Fonts/simsun.ttc><c:/
Windows/Fonts/simkai.ttf><c:/Windows/Fonts/simkai.ttf><c:/Windows/Fonts/simkai.
ttf><c:/Windows/Fonts/simhei.ttf><c:/Windows/Fonts/simhei.ttf><c:/Windows/Fonts
/simhei.ttf><c:/Windows/Fonts/simhei.ttf><c:/Windows/Fonts/simsun.ttc><c:/Windo
ws/Fonts/simhei.ttf><c:/Windows/Fonts/simsun.ttc><c:/Windows/Fonts/simsun.ttc><
c:/Windows/Fonts/simhei.ttf><c:/Windows/Fonts/simhei.ttf><c:/Windows/Fonts/simh
ei.ttf><c:/Windows/Fonts/simsun.ttc><c:/Windows/Fonts/simsun.ttc><c:/Windows/Fo
nts/simsun.ttc><c:/Windows/Fonts/simsun.ttc><c:/Windows/Fonts/simsun.ttc><c:/Wi
ndows/Fonts/simsun.ttc><c:/Windows/Fonts/simsun.ttc><c:/Windows/Fonts/simhei.tt
f><c:/Windows/Fonts/simhei.ttf><c:/Windows/Fonts/simsun.ttc><c:/Windows/Fonts/s
imhei.ttf><c:/Windows/Fonts/simhei.ttf><c:/Windows/Fonts/simhei.ttf><c:/Windows
/Fonts/simsun.ttc><c:/Windows/Fonts/simsun.ttc><c:/Windows/Fonts/simsun.ttc><c:
/Windows/Fonts/simhei.ttf><c:/Windows/Fonts/simsun.ttc><c:/Windows/Fonts/simsun
.ttc><c:/Windows/Fonts/simhei.ttf><c:/Windows/Fonts/simsun.ttc><c:/Windows/Font
s/simsun.ttc><c:/Windows/Fonts/simsun.ttc><c:/Windows/Fonts/simsun.ttc><c:/Wind
ows/Fonts/simsun.ttc><c:/Windows/Fonts/simsun.ttc><c:/Windows/Fonts/simsun.ttc>
<c:/Windows/Fonts/simsun.ttc><c:/Windows/Fonts/simsun.ttc><c:/Windows/Fonts/sim
hei.ttf><c:/Windows/Fonts/simhei.ttf><c:/Windows/Fonts/simhei.ttf><c:/Windows/F
onts/simhei.ttf><c:/Windows/Fonts/simsun.ttc><c:/Windows/Fonts/simsun.ttc><c:/W
indows/Fonts/simhei.ttf><c:/Windows/Fonts/simsun.ttc><c:/Windows/Fonts/simhei.t
tf><c:/Windows/Fonts/simhei.ttf><c:/Windows/Fonts/simhei.ttf><c:/Windows/Fonts/
simhei.ttf><c:/Windows/Fonts/simhei.ttf><c:/Windows/Fonts/simhei.ttf><c:/Window
s/Fonts/simhei.ttf><c:/Windows/Fonts/simhei.ttf><c:/Windows/Fonts/simhei.ttf><c
:/Windows/Fonts/simhei.ttf><c:/Windows/Fonts/simhei.ttf><c:/Windows/Fonts/simsu
n.ttc><c:/Windows/Fonts/simsun.ttc><c:/Windows/Fonts/simhei.ttf><c:/Windows/Fon
ts/simhei.ttf><c:/Windows/Fonts/simhei.ttf><c:/Windows/Fonts/simhei.ttf><c:/Win
dows/Fonts/simsun.ttc><c:/Windows/Fonts/simhei.ttf><c:/Windows/Fonts/simhei.ttf
><c:/Windows/Fonts/simsun.ttc><c:/Windows/Fonts/simsun.ttc><c:/Windows/Fonts/si
mhei.ttf><c:/Windows/Fonts/simhei.ttf><c:/Windows/Fonts/simsun.ttc><c:/Windows/
Fonts/simsun.ttc><c:/Windows/Fonts/simsun.ttc><c:/Windows/Fonts/simsun.ttc><c:/
Windows/Fonts/simsun.ttc><c:/Windows/Fonts/simsun.ttc><c:/Windows/Fonts/simsun.
ttc><c:/Windows/Fonts/simsun.ttc><c:/Windows/Fonts/simsun.ttc><c:/Windows/Fonts
/simsun.ttc><c:/Windows/Fonts/simsun.ttc><c:/Windows/Fonts/simsun.ttc><c:/Windo
ws/Fonts/simsun.ttc><c:/Windows/Fonts/simsun.ttc><c:/Windows/Fonts/simsun.ttc><
c:/Windows/Fonts/simsun.ttc><c:/Windows/Fonts/simsun.ttc><c:/Windows/Fonts/sims
un.ttc><c:/Windows/Fonts/simsun.ttc><c:/Windows/Fonts/simsun.ttc><c:/Windows/Fo
nts/simsun.ttc><c:/Windows/Fonts/simsun.ttc><c:/Windows/Fonts/simsun.ttc><c:/Wi
ndows/Fonts/simsun.ttc><c:/Windows/Fonts/simsun.ttc><c:/Windows/Fonts/simsun.tt
c><c:/Windows/Fonts/simsun.ttc><c:/Windows/Fonts/simsun.ttc><c:/Windows/Fonts/s
imsun.ttc><c:/Windows/Fonts/simsun.ttc><c:/Windows/Fonts/simsun.ttc><c:/Windows
/Fonts/simsun.ttc><c:/Windows/Fonts/simsun.ttc><c:/Windows/Fonts/simsun.ttc><c:
/Windows/Fonts/simsun.ttc><c:/Windows/Fonts/simsun.ttc><c:/Windows/Fonts/simsun
.ttc><c:/Windows/Fonts/simsun.ttc><c:/Windows/Fonts/simsun.ttc><c:/Windows/Font
s/simsun.ttc><c:/Windows/Fonts/simsun.ttc><c:/Windows/Fonts/simsun.ttc><c:/Wind
ows/Fonts/simsun.ttc><c:/Windows/Fonts/simsun.ttc><c:/Windows/Fonts/simsun.ttc>
<c:/Windows/Fonts/simsun.ttc><c:/Windows/Fonts/simsun.ttc><c:/Windows/Fonts/sim
sun.ttc><c:/Windows/Fonts/simsun.ttc><c:/Windows/Fonts/simsun.ttc><c:/Windows/F
onts/simsun.ttc><c:/Windows/Fonts/simsun.ttc><c:/Windows/Fonts/simsun.ttc><c:/W
indows/Fonts/simsun.ttc><c:/Windows/Fonts/simsun.ttc><c:/Windows/Fonts/simsun.t
tc><c:/Windows/Fonts/simhei.ttf><c:/Windows/Fonts/simsun.ttc><c:/Windows/Fonts/
simsun.ttc><c:/Windows/Fonts/simsun.ttc><c:/Windows/Fonts/simhei.ttf><c:/Window
s/Fonts/simhei.ttf><c:/Windows/Fonts/simsun.ttc><c:/Windows/Fonts/simsun.ttc><c
:/Windows/Fonts/simsun.ttc><c:/Windows/Fonts/simsun.ttc><c:/Windows/Fonts/simsu
n.ttc><c:/Windows/Fonts/simhei.ttf><c:/Windows/Fonts/simhei.ttf><c:/Windows/Fon
ts/simhei.ttf><c:/Windows/Fonts/simhei.ttf><c:/Windows/Fonts/simhei.ttf><c:/Win
dows/Fonts/simhei.ttf><c:/Windows/Fonts/simhei.ttf><c:/Windows/Fonts/simhei.ttf
><c:/Windows/Fonts/simhei.ttf><c:/Windows/Fonts/simhei.ttf><c:/Windows/Fonts/si
mhei.ttf><c:/Windows/Fonts/simhei.ttf><c:/Windows/Fonts/simhei.ttf><c:/Windows/
Fonts/simhei.ttf><c:/Windows/Fonts/simhei.ttf><c:/Windows/Fonts/simhei.ttf><c:/
Windows/Fonts/simhei.ttf><c:/Windows/Fonts/simhei.ttf><c:/Windows/Fonts/simhei.
ttf><c:/Windows/Fonts/simhei.ttf><c:/Windows/Fonts/simhei.ttf><c:/Windows/Fonts
/simhei.ttf><c:/Windows/Fonts/simhei.ttf><c:/texlive/2026/texmf-dist/fonts/type
1/public/amsfonts/cm/cmbx10.pfb><c:/texlive/2026/texmf-dist/fonts/type1/public/
amsfonts/cm/cmbx12.pfb><c:/texlive/2026/texmf-dist/fonts/type1/public/amsfonts/
cm/cmbx8.pfb><c:/texlive/2026/texmf-dist/fonts/type1/public/amsfonts/cm/cmex10.
pfb><c:/texlive/2026/texmf-dist/fonts/type1/public/amsfonts/cm/cmmi10.pfb><c:/t
exlive/2026/texmf-dist/fonts/type1/public/amsfonts/cm/cmmi12.pfb><c:/texlive/20
26/texmf-dist/fonts/type1/public/amsfonts/cm/cmmi6.pfb><c:/texlive/2026/texmf-d
ist/fonts/type1/public/amsfonts/cm/cmmi8.pfb><c:/texlive/2026/texmf-dist/fonts/
type1/public/amsfonts/cm/cmmib10.pfb><c:/texlive/2026/texmf-dist/fonts/type1/pu
blic/amsfonts/cm/cmr10.pfb><c:/texlive/2026/texmf-dist/fonts/type1/public/amsfo
nts/cm/cmr12.pfb><c:/texlive/2026/texmf-dist/fonts/type1/public/amsfonts/cm/cmr
6.pfb><c:/texlive/2026/texmf-dist/fonts/type1/public/amsfonts/cm/cmr8.pfb><c:/t
exlive/2026/texmf-dist/fonts/type1/public/amsfonts/cm/cmsl12.pfb><c:/texlive/20
26/texmf-dist/fonts/type1/public/amsfonts/cm/cmsy10.pfb><c:/texlive/2026/texmf-
dist/fonts/type1/public/amsfonts/cm/cmsy8.pfb><c:/texlive/2026/texmf-dist/fonts
/type1/public/amsfonts/cm/cmti12.pfb><c:/texlive/2026/texmf-dist/fonts/type1/pu
blic/amsfonts/cm/cmtt10.pfb><c:/texlive/2026/texmf-dist/fonts/type1/public/amsf
onts/cm/cmtt12.pfb><c:/texlive/2026/texmf-dist/fonts/type1/public/amsfonts/symb
ols/msbm10.pfb><c:/texlive/2026/texmf-dist/fonts/type1/public/cm-super/sfrm1200
.pfb>
Output written on experiment_report.pdf (32 pages, 2376464 bytes).
PDF statistics:
 1835 PDF objects out of 2073 (max. 8388607)
 1391 compressed objects within 14 object streams
 185 named destinations out of 1000 (max. 500000)
 841 words of extra memory for PDF output out of 10000 (max. 10000000)

